Component: ARM Compiler 6.13.1 Tool: armlink [5d895400]

==============================================================================

Section Cross References

    startup_stm32f405xx.o(RESET) refers to startup_stm32f405xx.o(STACK) for __initial_sp
    startup_stm32f405xx.o(RESET) refers to startup_stm32f405xx.o(.text) for Reset_Handler
    startup_stm32f405xx.o(RESET) refers to stm32f4xx_it.o(.text.NMI_Handler) for NMI_Handler
    startup_stm32f405xx.o(RESET) refers to stm32f4xx_it.o(.text.HardFault_Handler) for HardFault_Handler
    startup_stm32f405xx.o(RESET) refers to stm32f4xx_it.o(.text.MemManage_Handler) for MemManage_Handler
    startup_stm32f405xx.o(RESET) refers to stm32f4xx_it.o(.text.BusFault_Handler) for BusFault_Handler
    startup_stm32f405xx.o(RESET) refers to stm32f4xx_it.o(.text.UsageFault_Handler) for UsageFault_Handler
    startup_stm32f405xx.o(RESET) refers to stm32f4xx_it.o(.text.SVC_Handler) for SVC_Handler
    startup_stm32f405xx.o(RESET) refers to stm32f4xx_it.o(.text.DebugMon_Handler) for DebugMon_Handler
    startup_stm32f405xx.o(RESET) refers to stm32f4xx_it.o(.text.PendSV_Handler) for PendSV_Handler
    startup_stm32f405xx.o(RESET) refers to stm32f4xx_it.o(.text.SysTick_Handler) for SysTick_Handler
    startup_stm32f405xx.o(RESET) refers to stm32f4xx_it.o(.text.ADC_IRQHandler) for ADC_IRQHandler
    startup_stm32f405xx.o(RESET) refers to stm32f4xx_it.o(.text.TIM2_IRQHandler) for TIM2_IRQHandler
    startup_stm32f405xx.o(RESET) refers to stm32f4xx_it.o(.text.USART1_IRQHandler) for USART1_IRQHandler
    startup_stm32f405xx.o(RESET) refers to stm32f4xx_it.o(.text.TIM5_IRQHandler) for TIM5_IRQHandler
    startup_stm32f405xx.o(RESET) refers to stm32f4xx_it.o(.text.DMA2_Stream0_IRQHandler) for DMA2_Stream0_IRQHandler
    startup_stm32f405xx.o(RESET) refers to stm32f4xx_it.o(.text.OTG_FS_IRQHandler) for OTG_FS_IRQHandler
    startup_stm32f405xx.o(.text) refers to system_stm32f4xx.o(.text.SystemInit) for SystemInit
    startup_stm32f405xx.o(.text) refers to entry.o(.ARM.Collect$$$$00000000) for __main
    as5047.o(.text.SPI_AS5047_ReadData) refers to stm32f4xx_hal_spi.o(.text.HAL_SPI_Transmit) for HAL_SPI_Transmit
    as5047.o(.text.SPI_AS5047_ReadData) refers to stm32f4xx_hal_spi.o(.text.HAL_SPI_TransmitReceive) for HAL_SPI_TransmitReceive
    as5047.o(.text.SPI_AS5047_ReadData) refers to stm32f4xx_hal_gpio.o(.text.HAL_GPIO_WritePin) for HAL_GPIO_WritePin
    as5047.o(.text.SPI_AS5047_ReadData) refers to spi.o(.bss.hspi1) for hspi1
    as5047.o(.ARM.exidx.text.SPI_AS5047_ReadData) refers to as5047.o(.text.SPI_AS5047_ReadData) for [Anonymous Symbol]
    fast_math.o(.ARM.exidx.text.bias_abs) refers to fast_math.o(.text.bias_abs) for [Anonymous Symbol]
    fast_math.o(.text.sin_f32) refers to fast_math.o(.rodata.sinTable_f32) for [Anonymous Symbol]
    fast_math.o(.ARM.exidx.text.sin_f32) refers to fast_math.o(.text.sin_f32) for [Anonymous Symbol]
    fast_math.o(.text.cos_f32) refers to fast_math.o(.rodata.sinTable_f32) for [Anonymous Symbol]
    fast_math.o(.ARM.exidx.text.cos_f32) refers to fast_math.o(.text.cos_f32) for [Anonymous Symbol]
    report.o(.ARM.exidx.text.floatToInt32) refers to report.o(.text.floatToInt32) for [Anonymous Symbol]
    report.o(.ARM.exidx.text.float2hex) refers to report.o(.text.float2hex) for [Anonymous Symbol]
    report.o(.ARM.exidx.text.int2hex) refers to report.o(.text.int2hex) for [Anonymous Symbol]
    report.o(.text.SynStatePM) refers to motor_1.o(.bss.Encoder) for Encoder
    report.o(.text.SynStatePM) refers to report.o(.bss..L_MergedGlobals) for [Anonymous Symbol]
    report.o(.text.SynStatePM) refers to motor_1.o(.bss.motor) for motor
    report.o(.text.SynStatePM) refers to motor_1.o(.bss..L_MergedGlobals.1) for Current_Idq
    report.o(.ARM.exidx.text.SynStatePM) refers to report.o(.text.SynStatePM) for [Anonymous Symbol]
    report.o(.text.SynControlPM) refers to motor_1.o(.bss..L_MergedGlobals.2) for Posi_Pid
    report.o(.text.SynControlPM) refers to report.o(.bss..L_MergedGlobals) for [Anonymous Symbol]
    report.o(.text.SynControlPM) refers to motor_1.o(.bss..L_MergedGlobals.3) for Current_ID_Pid
    report.o(.text.SynControlPM) refers to motor_1.o(.bss.motor) for motor
    report.o(.ARM.exidx.text.SynControlPM) refers to report.o(.text.SynControlPM) for [Anonymous Symbol]
    report.o(.text.upload_control_parameter) refers to usbd_cdc_if.o(.text.CDC_Transmit_FS) for CDC_Transmit_FS
    report.o(.text.upload_control_parameter) refers to report.o(.bss.control_pm_buffer) for control_pm_buffer
    report.o(.text.upload_control_parameter) refers to report.o(.bss..L_MergedGlobals) for [Anonymous Symbol]
    report.o(.ARM.exidx.text.upload_control_parameter) refers to report.o(.text.upload_control_parameter) for [Anonymous Symbol]
    report.o(.text.report_state_variable) refers to usbd_cdc_if.o(.text.CDC_Transmit_FS) for CDC_Transmit_FS
[...]
    PVD_IRQHandler                           0x080001b7   Thumb Code     0  startup_stm32f405xx.o(.text)
    RCC_IRQHandler                           0x080001b7   Thumb Code     0  startup_stm32f405xx.o(.text)
    RTC_Alarm_IRQHandler                     0x080001b7   Thumb Code     0  startup_stm32f405xx.o(.text)
    RTC_WKUP_IRQHandler                      0x080001b7   Thumb Code     0  startup_stm32f405xx.o(.text)
    SDIO_IRQHandler                          0x080001b7   Thumb Code     0  startup_stm32f405xx.o(.text)
    SPI1_IRQHandler                          0x080001b7   Thumb Code     0  startup_stm32f405xx.o(.text)
    SPI2_IRQHandler                          0x080001b7   Thumb Code     0  startup_stm32f405xx.o(.text)
    SPI3_IRQHandler                          0x080001b7   Thumb Code     0  startup_stm32f405xx.o(.text)
    TAMP_STAMP_IRQHandler                    0x080001b7   Thumb Code     0  startup_stm32f405xx.o(.text)
    TIM1_BRK_TIM9_IRQHandler                 0x080001b7   Thumb Code     0  startup_stm32f405xx.o(.text)
    TIM1_CC_IRQHandler                       0x080001b7   Thumb Code     0  startup_stm32f405xx.o(.text)
    TIM1_TRG_COM_TIM11_IRQHandler            0x080001b7   Thumb Code     0  startup_stm32f405xx.o(.text)
    TIM1_UP_TIM10_IRQHandler                 0x080001b7   Thumb Code     0  startup_stm32f405xx.o(.text)
    TIM3_IRQHandler                          0x080001b7   Thumb Code     0  startup_stm32f405xx.o(.text)
    TIM4_IRQHandler                          0x080001b7   Thumb Code     0  startup_stm32f405xx.o(.text)
    TIM6_DAC_IRQHandler                      0x080001b7   Thumb Code     0  startup_stm32f405xx.o(.text)
    TIM7_IRQHandler                          0x080001b7   Thumb Code     0  startup_stm32f405xx.o(.text)
    TIM8_BRK_TIM12_IRQHandler                0x080001b7   Thumb Code     0  startup_stm32f405xx.o(.text)
    TIM8_CC_IRQHandler                       0x080001b7   Thumb Code     0  startup_stm32f405xx.o(.text)
    TIM8_TRG_COM_TIM14_IRQHandler            0x080001b7   Thumb Code     0  startup_stm32f405xx.o(.text)
    TIM8_UP_TIM13_IRQHandler                 0x080001b7   Thumb Code     0  startup_stm32f405xx.o(.text)
    UART4_IRQHandler                         0x080001b7   Thumb Code     0  startup_stm32f405xx.o(.text)
    UART5_IRQHandler                         0x080001b7   Thumb Code     0  startup_stm32f405xx.o(.text)
    USART2_IRQHandler                        0x080001b7   Thumb Code     0  startup_stm32f405xx.o(.text)
    USART3_IRQHandler                        0x080001b7   Thumb Code     0  startup_stm32f405xx.o(.text)
    USART6_IRQHandler                        0x080001b7   Thumb Code     0  startup_stm32f405xx.o(.text)
    WWDG_IRQHandler                          0x080001b7   Thumb Code     0  startup_stm32f405xx.o(.text)
    __aeabi_uldivmod                         0x080001c1   Thumb Code    98  uldiv.o(.text)
    __aeabi_memset                           0x08000223   Thumb Code    14  memseta.o(.text)
    __aeabi_memset4                          0x08000223   Thumb Code     0  memseta.o(.text)
    __aeabi_memset8                          0x08000223   Thumb Code     0  memseta.o(.text)
    __aeabi_memclr                           0x08000231   Thumb Code     4  memseta.o(.text)
    __aeabi_memclr4                          0x08000231   Thumb Code     0  memseta.o(.text)
    __aeabi_memclr8                          0x08000231   Thumb Code     0  memseta.o(.text)
    _memset$wrapper                          0x08000235   Thumb Code    18  memseta.o(.text)
    __aeabi_dadd                             0x08000247   Thumb Code   322  dadd.o(.text)
    __aeabi_dsub                             0x08000389   Thumb Code     6  dadd.o(.text)
    __aeabi_drsub                            0x0800038f   Thumb Code     6  dadd.o(.text)
    __aeabi_dmul                             0x08000395   Thumb Code   228  dmul.o(.text)
    __aeabi_ddiv                             0x08000479   Thumb Code   222  ddiv.o(.text)
    __aeabi_dcmple                           0x08000557   Thumb Code    54  dcmple.o(.text)
    __aeabi_l2f                              0x0800058d   Thumb Code    44  ffltl.o(.text)
    __aeabi_i2d                              0x080005b9   Thumb Code    34  dflti.o(.text)
    __aeabi_ui2d                             0x080005db   Thumb Code    26  dfltui.o(.text)
    __aeabi_f2d                              0x080005f5   Thumb Code    38  f2d.o(.text)
    __aeabi_d2f                              0x0800061b   Thumb Code    56  d2f.o(.text)
    __aeabi_uidiv                            0x08000653   Thumb Code     0  uidiv.o(.text)
    __aeabi_uidivmod                         0x08000653   Thumb Code    44  uidiv.o(.text)
    __aeabi_llsl                             0x0800067f   Thumb Code    30  llshl.o(.text)
    _ll_shift_l                              0x0800067f   Thumb Code     0  llshl.o(.text)
    __aeabi_llsr                             0x0800069d   Thumb Code    32  llushr.o(.text)
    _ll_ushift_r                             0x0800069d   Thumb Code     0  llushr.o(.text)
    __aeabi_lasr                             0x080006bd   Thumb Code    36  llsshr.o(.text)
    _ll_sshift_r                             0x080006bd   Thumb Code     0  llsshr.o(.text)
    __I$use$fp                               0x080006e1   Thumb Code     0  iusefp.o(.text)
    _float_round                             0x080006e1   Thumb Code    18  fepilogue.o(.text)
    _float_epilogue                          0x080006f3   Thumb Code    92  fepilogue.o(.text)
    _double_round                            0x0800074f   Thumb Code    30  depilogue.o(.text)
    _double_epilogue                         0x0800076d   Thumb Code   156  depilogue.o(.text)
    _drem                                    0x08000809   Thumb Code   134  drem.o(.text)
    __aeabi_d2ulz                            0x0800088f   Thumb Code    48  dfixul.o(.text)
    __aeabi_cdrcmple                         0x080008c1   Thumb Code    48  cdrcmple.o(.text)
    __scatterload                            0x080008f1   Thumb Code    28  init.o(.text)
    __scatterload_rt2                        0x080008f1   Thumb Code     0  init.o(.text)
    ADC_IRQHandler                           0x08000915   Thumb Code    12  stm32f4xx_it.o(.text.ADC_IRQHandler)
    Angle_To_Cos_Sin                         0x08000921   Thumb Code    30  motor_1.o(.text.Angle_To_Cos_Sin)
    BusFault_Handler                         0x0800093f   Thumb Code     2  stm32f4xx_it.o(.text.BusFault_Handler)
    CALIBRATION_LOOP                         0x08000941   Thumb Code   856  motor_1.o(.text.CALIBRATION_LOOP)
    CDC_Transmit_FS                          0x08000e05   Thumb Code    54  usbd_cdc_if.o(.text.CDC_Transmit_FS)
    DMA2_Stream0_IRQHandler                  0x08000e3d   Thumb Code    12  stm32f4xx_it.o(.text.DMA2_Stream0_IRQHandler)
    DebugMon_Handler                         0x08000e7d   Thumb Code     2  stm32f4xx_it.o(.text.DebugMon_Handler)
    ENCODER_sample                           0x08000e81   Thumb Code  1024  motor_1.o(.text.ENCODER_sample)
    Encoder_Init                             0x08001281   Thumb Code    84  motor_1.o(.text.Encoder_Init)
    Error_Handler                            0x080012d5   Thumb Code     8  main.o(.text.Error_Handler)
    FOC_Control_Loop                         0x080012dd   Thumb Code   140  motor_1.o(.text.FOC_Control_Loop)
    HAL_ADCEx_InjectedConfigChannel          0x080013a1   Thumb Code   328  stm32f4xx_hal_adc_ex.o(.text.HAL_ADCEx_InjectedConfigChannel)
    HAL_ADCEx_InjectedConvCpltCallback       0x080014e9   Thumb Code   368  motor_1.o(.text.HAL_ADCEx_InjectedConvCpltCallback)
    HAL_ADCEx_InjectedStart_IT               0x08001659   Thumb Code   188  stm32f4xx_hal_adc_ex.o(.text.HAL_ADCEx_InjectedStart_IT)
    HAL_ADC_ConfigChannel                    0x08001715   Thumb Code   236  stm32f4xx_hal_adc.o(.text.HAL_ADC_ConfigChannel)
    HAL_ADC_ConvCpltCallback                 0x08001801   Thumb Code     2  stm32f4xx_hal_adc.o(.text.HAL_ADC_ConvCpltCallback)
    HAL_ADC_ErrorCallback                    0x08001803   Thumb Code     2  stm32f4xx_hal_adc.o(.text.HAL_ADC_ErrorCallback)
    HAL_ADC_IRQHandler                       0x08001805   Thumb Code   300  stm32f4xx_hal_adc.o(.text.HAL_ADC_IRQHandler)
    HAL_ADC_Init                             0x08001931   Thumb Code   324  stm32f4xx_hal_adc.o(.text.HAL_ADC_Init)
    HAL_ADC_LevelOutOfWindowCallback         0x08001a75   Thumb Code     2  stm32f4xx_hal_adc.o(.text.HAL_ADC_LevelOutOfWindowCallback)
    HAL_ADC_MspInit                          0x08001a79   Thumb Code   228  adc.o(.text.HAL_ADC_MspInit)
    HAL_CAN_Init                             0x08001b5d   Thumb Code   240  stm32f4xx_hal_can.o(.text.HAL_CAN_Init)
    HAL_CAN_MspInit                          0x08001c4d   Thumb Code   108  can.o(.text.HAL_CAN_MspInit)
    HAL_DMA_Abort                            0x08001cb9   Thumb Code   128  stm32f4xx_hal_dma.o(.text.HAL_DMA_Abort)
    HAL_DMA_Abort_IT                         0x08001d39   Thumb Code    36  stm32f4xx_hal_dma.o(.text.HAL_DMA_Abort_IT)
    HAL_DMA_IRQHandler                       0x08001d5d   Thumb Code   368  stm32f4xx_hal_dma.o(.text.HAL_DMA_IRQHandler)
    HAL_DMA_Init                             0x08001ecd   Thumb Code   280  stm32f4xx_hal_dma.o(.text.HAL_DMA_Init)
    HAL_Delay                                0x08001fe5   Thumb Code    32  stm32f4xx_hal.o(.text.HAL_Delay)
    HAL_GPIO_Init                            0x08002005   Thumb Code   428  stm32f4xx_hal_gpio.o(.text.HAL_GPIO_Init)
    HAL_GPIO_TogglePin                       0x080021b1   Thumb Code    16  stm32f4xx_hal_gpio.o(.text.HAL_GPIO_TogglePin)
    HAL_GPIO_WritePin                        0x080021c1   Thumb Code    10  stm32f4xx_hal_gpio.o(.text.HAL_GPIO_WritePin)
    HAL_GetTick                              0x080021cd   Thumb Code     8  stm32f4xx_hal.o(.text.HAL_GetTick)
    HAL_IncTick                              0x080021d5   Thumb Code    20  stm32f4xx_hal.o(.text.HAL_IncTick)
    HAL_Init                                 0x080021e9   Thumb Code    52  stm32f4xx_hal.o(.text.HAL_Init)
    HAL_InitTick                             0x0800221d   Thumb Code    64  stm32f4xx_hal.o(.text.HAL_InitTick)
    HAL_MspInit                              0x0800225d   Thumb Code    56  stm32f4xx_hal_msp.o(.text.HAL_MspInit)
    HAL_NVIC_EnableIRQ                       0x08002295   Thumb Code    28  stm32f4xx_hal_cortex.o(.text.HAL_NVIC_EnableIRQ)
    HAL_NVIC_SetPriority                     0x080022b1   Thumb Code    56  stm32f4xx_hal_cortex.o(.text.HAL_NVIC_SetPriority)
    HAL_NVIC_SetPriorityGrouping             0x080022e9   Thumb Code    32  stm32f4xx_hal_cortex.o(.text.HAL_NVIC_SetPriorityGrouping)
    HAL_PCDEx_LPM_Callback                   0x08002309   Thumb Code     2  stm32f4xx_hal_pcd_ex.o(.text.HAL_PCDEx_LPM_Callback)
    HAL_PCDEx_SetRxFiFo                      0x0800230b   Thumb Code     8  stm32f4xx_hal_pcd_ex.o(.text.HAL_PCDEx_SetRxFiFo)
    HAL_PCDEx_SetTxFiFo                      0x08002313   Thumb Code    64  stm32f4xx_hal_pcd_ex.o(.text.HAL_PCDEx_SetTxFiFo)
    HAL_PCD_ConnectCallback                  0x08002355   Thumb Code     8  usbd_conf.o(.text.HAL_PCD_ConnectCallback)
    HAL_PCD_DataInStageCallback              0x0800235d   Thumb Code    20  usbd_conf.o(.text.HAL_PCD_DataInStageCallback)
    HAL_PCD_DataOutStageCallback             0x08002371   Thumb Code    22  usbd_conf.o(.text.HAL_PCD_DataOutStageCallback)
    HAL_PCD_DisconnectCallback               0x08002389   Thumb Code     8  usbd_conf.o(.text.HAL_PCD_DisconnectCallback)
    HAL_PCD_EP_Abort                         0x08002391   Thumb Code    32  stm32f4xx_hal_pcd.o(.text.HAL_PCD_EP_Abort)
    HAL_PCD_EP_Close                         0x080023b1   Thumb Code    82  stm32f4xx_hal_pcd.o(.text.HAL_PCD_EP_Close)
    HAL_PCD_EP_ClrStall                      0x08002403   Thumb Code    96  stm32f4xx_hal_pcd.o(.text.HAL_PCD_EP_ClrStall)
    HAL_PCD_EP_GetRxCount                    0x08002463   Thumb Code    18  stm32f4xx_hal_pcd.o(.text.HAL_PCD_EP_GetRxCount)
    HAL_PCD_EP_Open                          0x08002475   Thumb Code   100  stm32f4xx_hal_pcd.o(.text.HAL_PCD_EP_Open)
    HAL_PCD_EP_Receive                       0x080024d9   Thumb Code    70  stm32f4xx_hal_pcd.o(.text.HAL_PCD_EP_Receive)
    HAL_PCD_EP_SetStall                      0x0800251f   Thumb Code   110  stm32f4xx_hal_pcd.o(.text.HAL_PCD_EP_SetStall)
    HAL_PCD_EP_Transmit                      0x0800258d   Thumb Code    60  stm32f4xx_hal_pcd.o(.text.HAL_PCD_EP_Transmit)
    HAL_PCD_IRQHandler                       0x080025c9   Thumb Code  1810  stm32f4xx_hal_pcd.o(.text.HAL_PCD_IRQHandler)
    HAL_PCD_ISOINIncompleteCallback          0x08002cdd   Thumb Code     8  usbd_conf.o(.text.HAL_PCD_ISOINIncompleteCallback)
    HAL_PCD_ISOOUTIncompleteCallback         0x08002ce5   Thumb Code     8  usbd_conf.o(.text.HAL_PCD_ISOOUTIncompleteCallback)
    HAL_PCD_Init                             0x08002ced   Thumb Code   312  stm32f4xx_hal_pcd.o(.text.HAL_PCD_Init)
    HAL_PCD_MspInit                          0x08002e25   Thumb Code   136  usbd_conf.o(.text.HAL_PCD_MspInit)
    HAL_PCD_ResetCallback                    0x08002ead   Thumb Code    42  usbd_conf.o(.text.HAL_PCD_ResetCallback)
    HAL_PCD_ResumeCallback                   0x08002ed9   Thumb Code     8  usbd_conf.o(.text.HAL_PCD_ResumeCallback)
    HAL_PCD_SOFCallback                      0x08002ee1   Thumb Code     8  usbd_conf.o(.text.HAL_PCD_SOFCallback)
    HAL_PCD_SetAddress                       0x08002ee9   Thumb Code    40  stm32f4xx_hal_pcd.o(.text.HAL_PCD_SetAddress)
    HAL_PCD_SetupStageCallback               0x08002f11   Thumb Code    14  usbd_conf.o(.text.HAL_PCD_SetupStageCallback)
    HAL_PCD_Start                            0x08002f1f   Thumb Code    62  stm32f4xx_hal_pcd.o(.text.HAL_PCD_Start)
    HAL_PCD_SuspendCallback                  0x08002f5d   Thumb Code    52  usbd_conf.o(.text.HAL_PCD_SuspendCallback)
    HAL_RCC_ClockConfig                      0x08002f91   Thumb Code   296  stm32f4xx_hal_rcc.o(.text.HAL_RCC_ClockConfig)
    HAL_RCC_GetHCLKFreq                      0x080030b9   Thumb Code     8  stm32f4xx_hal_rcc.o(.text.HAL_RCC_GetHCLKFreq)
    HAL_RCC_GetPCLK1Freq                     0x080030c1   Thumb Code    20  stm32f4xx_hal_rcc.o(.text.HAL_RCC_GetPCLK1Freq)
    HAL_RCC_GetPCLK2Freq                     0x080030d5   Thumb Code    32  stm32f4xx_hal_rcc.o(.text.HAL_RCC_GetPCLK2Freq)
    HAL_RCC_GetSysClockFreq                  0x080030f5   Thumb Code    92  stm32f4xx_hal_rcc.o(.text.HAL_RCC_GetSysClockFreq)
    HAL_RCC_OscConfig                        0x08003151   Thumb Code   804  stm32f4xx_hal_rcc.o(.text.HAL_RCC_OscConfig)
    HAL_SPI_Init                             0x08003475   Thumb Code   192  stm32f4xx_hal_spi.o(.text.HAL_SPI_Init)
    HAL_SPI_MspInit                          0x08003535   Thumb Code   108  spi.o(.text.HAL_SPI_MspInit)
    HAL_SPI_Transmit                         0x080035a1   Thumb Code   356  stm32f4xx_hal_spi.o(.text.HAL_SPI_Transmit)
    HAL_SPI_TransmitReceive                  0x08003705   Thumb Code   464  stm32f4xx_hal_spi.o(.text.HAL_SPI_TransmitReceive)
    HAL_SYSTICK_Callback                     0x080038d5   Thumb Code     2  motor_1.o(.text.HAL_SYSTICK_Callback)
    HAL_SYSTICK_Config                       0x080038d9   Thumb Code    40  stm32f4xx_hal_cortex.o(.text.HAL_SYSTICK_Config)
    HAL_SYSTICK_IRQHandler                   0x08003901   Thumb Code     4  stm32f4xx_hal_cortex.o(.text.HAL_SYSTICK_IRQHandler)
    HAL_TIMEx_BreakCallback                  0x08003905   Thumb Code     2  stm32f4xx_hal_tim_ex.o(.text.HAL_TIMEx_BreakCallback)
    HAL_TIMEx_CommutCallback                 0x08003907   Thumb Code     2  stm32f4xx_hal_tim_ex.o(.text.HAL_TIMEx_CommutCallback)
    HAL_TIMEx_ConfigBreakDeadTime            0x08003909   Thumb Code    78  stm32f4xx_hal_tim_ex.o(.text.HAL_TIMEx_ConfigBreakDeadTime)
    HAL_TIMEx_MasterConfigSynchronization    0x08003959   Thumb Code   116  stm32f4xx_hal_tim_ex.o(.text.HAL_TIMEx_MasterConfigSynchronization)
    HAL_TIMEx_PWMN_Start                     0x080039cd   Thumb Code   164  stm32f4xx_hal_tim_ex.o(.text.HAL_TIMEx_PWMN_Start)
    HAL_TIM_Base_Init                        0x08003a71   Thumb Code    88  stm32f4xx_hal_tim.o(.text.HAL_TIM_Base_Init)
    HAL_TIM_Base_MspInit                     0x08003ac9   Thumb Code   136  tim.o(.text.HAL_TIM_Base_MspInit)
    HAL_TIM_Base_Start_IT                    0x08003b51   Thumb Code   128  stm32f4xx_hal_tim.o(.text.HAL_TIM_Base_Start_IT)
    HAL_TIM_ConfigClockSource                0x08003bd1   Thumb Code   246  stm32f4xx_hal_tim.o(.text.HAL_TIM_ConfigClockSource)
    HAL_TIM_IC_CaptureCallback               0x08003cc7   Thumb Code     2  stm32f4xx_hal_tim.o(.text.HAL_TIM_IC_CaptureCallback)
    HAL_TIM_IRQHandler                       0x08003cc9   Thumb Code   364  stm32f4xx_hal_tim.o(.text.HAL_TIM_IRQHandler)
    HAL_TIM_MspPostInit                      0x08003e35   Thumb Code   140  tim.o(.text.HAL_TIM_MspPostInit)
    HAL_TIM_OC_DelayElapsedCallback          0x08003ec1   Thumb Code     2  stm32f4xx_hal_tim.o(.text.HAL_TIM_OC_DelayElapsedCallback)
    HAL_TIM_PWM_ConfigChannel                0x08003ec5   Thumb Code   152  stm32f4xx_hal_tim.o(.text.HAL_TIM_PWM_ConfigChannel)
    HAL_TIM_PWM_Init                         0x08003f5d   Thumb Code    88  stm32f4xx_hal_tim.o(.text.HAL_TIM_PWM_Init)
    HAL_TIM_PWM_MspInit                      0x08003fb5   Thumb Code     2  stm32f4xx_hal_tim.o(.text.HAL_TIM_PWM_MspInit)
    HAL_TIM_PWM_PulseFinishedCallback        0x08003fb7   Thumb Code     2  stm32f4xx_hal_tim.o(.text.HAL_TIM_PWM_PulseFinishedCallback)
    HAL_TIM_PWM_Start                        0x08003fb9   Thumb Code   228  stm32f4xx_hal_tim.o(.text.HAL_TIM_PWM_Start)
    HAL_TIM_PeriodElapsedCallback            0x0800409d   Thumb Code   108  motor_1.o(.text.HAL_TIM_PeriodElapsedCallback)
    HAL_TIM_TriggerCallback                  0x08004109   Thumb Code     2  stm32f4xx_hal_tim.o(.text.HAL_TIM_TriggerCallback)
    HAL_UARTEx_RxEventCallback               0x0800410b   Thumb Code     2  stm32f4xx_hal_uart.o(.text.HAL_UARTEx_RxEventCallback)
    HAL_UART_ErrorCallback                   0x0800410d   Thumb Code     2  stm32f4xx_hal_uart.o(.text.HAL_UART_ErrorCallback)
    HAL_UART_IRQHandler                      0x08004111   Thumb Code   652  stm32f4xx_hal_uart.o(.text.HAL_UART_IRQHandler)
    HAL_UART_Init                            0x0800439d   Thumb Code    92  stm32f4xx_hal_uart.o(.text.HAL_UART_Init)
    HAL_UART_MspInit                         0x080043f9   Thumb Code   120  usart.o(.text.HAL_UART_MspInit)
    HAL_UART_RxCpltCallback                  0x08004471   Thumb Code     2  stm32f4xx_hal_uart.o(.text.HAL_UART_RxCpltCallback)
    HAL_UART_Transmit                        0x08004473   Thumb Code   188  stm32f4xx_hal_uart.o(.text.HAL_UART_Transmit)
    HAL_UART_TxCpltCallback                  0x0800452f   Thumb Code     2  stm32f4xx_hal_uart.o(.text.HAL_UART_TxCpltCallback)
    HardFault_Handler                        0x08004531   Thumb Code     2  stm32f4xx_it.o(.text.HardFault_Handler)
    MOTOR_Init                               0x0800456d   Thumb Code    72  motor_1.o(.text.MOTOR_Init)
    MX_ADC1_Init                             0x080045b5   Thumb Code   200  adc.o(.text.MX_ADC1_Init)
    MX_CAN1_Init                             0x0800467d   Thumb Code    48  can.o(.text.MX_CAN1_Init)
    MX_DMA_Init                              0x080046ad   Thumb Code    48  dma.o(.text.MX_DMA_Init)
    MX_GPIO_Init                             0x080046dd   Thumb Code   296  gpio.o(.text.MX_GPIO_Init)
    MX_SPI1_Init                             0x08004805   Thumb Code    76  spi.o(.text.MX_SPI1_Init)
    MX_TIM1_Init                             0x08004851   Thumb Code   284  tim.o(.text.MX_TIM1_Init)
    MX_TIM2_Init                             0x0800496d   Thumb Code   100  tim.o(.text.MX_TIM2_Init)
    MX_TIM5_Init                             0x080049d1   Thumb Code   100  tim.o(.text.MX_TIM5_Init)
    MX_USART1_UART_Init                      0x08004a35   Thumb Code    56  usart.o(.text.MX_USART1_UART_Init)
    MX_USB_DEVICE_Init                       0x08004a6d   Thumb Code   114  usb_device.o(.text.MX_USB_DEVICE_Init)
    MemManage_Handler                        0x08004adf   Thumb Code     2  stm32f4xx_it.o(.text.MemManage_Handler)
    NMI_Handler                              0x08004ae1   Thumb Code     2  stm32f4xx_it.o(.text.NMI_Handler)
    OTG_FS_IRQHandler                        0x08004ae5   Thumb Code    12  stm32f4xx_it.o(.text.OTG_FS_IRQHandler)
    PID_Calc                                 0x08004af1   Thumb Code   120  motor_1.o(.text.PID_Calc)
    PID_Init                                 0x08004b69   Thumb Code   148  motor_1.o(.text.PID_Init)
    PendSV_Handler                           0x08004bfd   Thumb Code     2  stm32f4xx_it.o(.text.PendSV_Handler)
    Posi_Pid_Calc                            0x08004bff   Thumb Code    88  motor_1.o(.text.Posi_Pid_Calc)
    Rev_Park_Transf                          0x08004c57   Thumb Code    34  motor_1.o(.text.Rev_Park_Transf)
    SPI_AS5047_ReadData                      0x08004c79   Thumb Code   144  as5047.o(.text.SPI_AS5047_ReadData)
    SVC_Handler                              0x08004e11   Thumb Code     2  stm32f4xx_it.o(.text.SVC_Handler)
    SVPWM_Calc                               0x08004e15   Thumb Code   628  motor_1.o(.text.SVPWM_Calc)
    SYNCHRONIZE_PM                           0x0800508d   Thumb Code    68  motor_1.o(.text.SYNCHRONIZE_PM)
    SynControlPM                             0x080050d1   Thumb Code   104  report.o(.text.SynControlPM)
    SynStatePM                               0x08005139   Thumb Code    52  report.o(.text.SynStatePM)
    SysTick_Handler                          0x0800516d   Thumb Code    14  stm32f4xx_it.o(.text.SysTick_Handler)
    SystemClock_Config                       0x0800517d   Thumb Code   168  main.o(.text.SystemClock_Config)
    SystemInit                               0x08005225   Thumb Code    16  system_stm32f4xx.o(.text.SystemInit)
    TIM2_IRQHandler                          0x08005235   Thumb Code    12  stm32f4xx_it.o(.text.TIM2_IRQHandler)
    TIM5_IRQHandler                          0x08005241   Thumb Code    12  stm32f4xx_it.o(.text.TIM5_IRQHandler)
    TIM_Base_SetConfig                       0x0800524d   Thumb Code   208  stm32f4xx_hal_tim.o(.text.TIM_Base_SetConfig)
    TIM_CCxChannelCmd                        0x0800531d   Thumb Code    30  stm32f4xx_hal_tim.o(.text.TIM_CCxChannelCmd)
    TIM_OC2_SetConfig                        0x080053ad   Thumb Code    96  stm32f4xx_hal_tim.o(.text.TIM_OC2_SetConfig)
    USART1_IRQHandler                        0x08005751   Thumb Code    12  stm32f4xx_it.o(.text.USART1_IRQHandler)
    USBD_CDC_GetDeviceQualifierDescriptor    0x080058a9   Thumb Code    16  usbd_cdc.o(.text.USBD_CDC_GetDeviceQualifierDescriptor)
    USBD_CDC_ReceivePacket                   0x08005a91   Thumb Code    50  usbd_cdc.o(.text.USBD_CDC_ReceivePacket)
    USBD_CDC_RegisterInterface               0x08005ac5   Thumb Code    24  usbd_cdc.o(.text.USBD_CDC_RegisterInterface)
    USBD_CDC_SetRxBuffer                     0x08005add   Thumb Code    26  usbd_cdc.o(.text.USBD_CDC_SetRxBuffer)
    USBD_CDC_SetTxBuffer                     0x08005af9   Thumb Code    30  usbd_cdc.o(.text.USBD_CDC_SetTxBuffer)
    USBD_CDC_TransmitPacket                  0x08005c35   Thumb Code    64  usbd_cdc.o(.text.USBD_CDC_TransmitPacket)
    USBD_ClrClassConfig                      0x08005c75   Thumb Code    18  usbd_core.o(.text.USBD_ClrClassConfig)
    USBD_CoreFindEP                          0x08005ca9   Thumb Code     4  usbd_core.o(.text.USBD_CoreFindEP)
    USBD_CoreFindIF                          0x08005cad   Thumb Code     4  usbd_core.o(.text.USBD_CoreFindIF)
    USBD_CtlContinueRx                       0x08005cb1   Thumb Code    16  usbd_ioreq.o(.text.USBD_CtlContinueRx)
    USBD_CtlContinueSendData                 0x08005cc1   Thumb Code    16  usbd_ioreq.o(.text.USBD_CtlContinueSendData)
    USBD_CtlError                            0x08005cd1   Thumb Code    22  usbd_ctlreq.o(.text.USBD_CtlError)
    USBD_CtlPrepareRx                        0x08005ce9   Thumb Code    26  usbd_ioreq.o(.text.USBD_CtlPrepareRx)
    USBD_CtlReceiveStatus                    0x08005d05   Thumb Code    22  usbd_ioreq.o(.text.USBD_CtlReceiveStatus)
    USBD_CtlSendData                         0x08005d1d   Thumb Code    26  usbd_ioreq.o(.text.USBD_CtlSendData)
    USBD_CtlSendStatus                       0x08005d39   Thumb Code    22  usbd_ioreq.o(.text.USBD_CtlSendStatus)
    USBD_FS_ConfigStrDescriptor              0x08005d51   Thumb Code    36  usbd_desc.o(.text.USBD_FS_ConfigStrDescriptor)
    USBD_FS_DeviceDescriptor                 0x08005d75   Thumb Code    14  usbd_desc.o(.text.USBD_FS_DeviceDescriptor)
    USBD_FS_InterfaceStrDescriptor           0x08005d85   Thumb Code    40  usbd_desc.o(.text.USBD_FS_InterfaceStrDescriptor)
    USBD_FS_LangIDStrDescriptor              0x08005dad   Thumb Code    14  usbd_desc.o(.text.USBD_FS_LangIDStrDescriptor)
    USBD_FS_ManufacturerStrDescriptor        0x08005dbd   Thumb Code    44  usbd_desc.o(.text.USBD_FS_ManufacturerStrDescriptor)
    USBD_FS_ProductStrDescriptor             0x08005de9   Thumb Code    48  usbd_desc.o(.text.USBD_FS_ProductStrDescriptor)
    USBD_FS_SerialStrDescriptor              0x08005e19   Thumb Code    20  usbd_desc.o(.text.USBD_FS_SerialStrDescriptor)
    USBD_GetEpDesc                           0x08005f6d   Thumb Code    74  usbd_core.o(.text.USBD_GetEpDesc)
    USBD_GetNextDesc                         0x08005fd9   Thumb Code    12  usbd_core.o(.text.USBD_GetNextDesc)
    USBD_GetString                           0x08006015   Thumb Code    68  usbd_ctlreq.o(.text.USBD_GetString)
    USBD_Get_USB_Status                      0x08006059   Thumb Code    26  usbd_conf.o(.text.USBD_Get_USB_Status)
    USBD_Init                                0x08006075   Thumb Code    42  usbd_core.o(.text.USBD_Init)
    USBD_LL_ClearStallEP                     0x080060a1   Thumb Code    18  usbd_conf.o(.text.USBD_LL_ClearStallEP)
    USBD_LL_CloseEP                          0x080060b5   Thumb Code    18  usbd_conf.o(.text.USBD_LL_CloseEP)
    USBD_LL_DataInStage                      0x080060c9   Thumb Code   178  usbd_core.o(.text.USBD_LL_DataInStage)
    USBD_LL_DataOutStage                     0x0800617d   Thumb Code   118  usbd_core.o(.text.USBD_LL_DataOutStage)
    USBD_LL_DevConnected                     0x080061f5   Thumb Code     4  usbd_core.o(.text.USBD_LL_DevConnected)
    USBD_LL_DevDisconnected                  0x080061f9   Thumb Code    32  usbd_core.o(.text.USBD_LL_DevDisconnected)
    USBD_LL_GetRxDataSize                    0x08006219   Thumb Code     8  usbd_conf.o(.text.USBD_LL_GetRxDataSize)
    USBD_LL_Init                             0x08006221   Thumb Code   110  usbd_conf.o(.text.USBD_LL_Init)
    USBD_LL_IsStallEP                        0x08006291   Thumb Code    32  usbd_conf.o(.text.USBD_LL_IsStallEP)
    USBD_LL_IsoINIncomplete                  0x080062b1   Thumb Code    38  usbd_core.o(.text.USBD_LL_IsoINIncomplete)
    USBD_LL_IsoOUTIncomplete                 0x080062d9   Thumb Code    38  usbd_core.o(.text.USBD_LL_IsoOUTIncomplete)
    USBD_LL_OpenEP                           0x08006301   Thumb Code    24  usbd_conf.o(.text.USBD_LL_OpenEP)
    USBD_LL_PrepareReceive                   0x08006319   Thumb Code    18  usbd_conf.o(.text.USBD_LL_PrepareReceive)
    USBD_LL_Reset                            0x0800632d   Thumb Code   100  usbd_core.o(.text.USBD_LL_Reset)
    USBD_LL_Resume                           0x08006391   Thumb Code    20  usbd_core.o(.text.USBD_LL_Resume)
    USBD_LL_SOF                              0x080063a5   Thumb Code    28  usbd_core.o(.text.USBD_LL_SOF)
    USBD_LL_SetSpeed                         0x080063c1   Thumb Code     8  usbd_core.o(.text.USBD_LL_SetSpeed)
    USBD_LL_SetUSBAddress                    0x080063c9   Thumb Code    18  usbd_conf.o(.text.USBD_LL_SetUSBAddress)
    USBD_LL_SetupStage                       0x080063dd   Thumb Code    96  usbd_core.o(.text.USBD_LL_SetupStage)
    USBD_LL_StallEP                          0x0800643d   Thumb Code    18  usbd_conf.o(.text.USBD_LL_StallEP)
    USBD_LL_Start                            0x08006451   Thumb Code    18  usbd_conf.o(.text.USBD_LL_Start)
    USBD_LL_Suspend                          0x08006465   Thumb Code    20  usbd_core.o(.text.USBD_LL_Suspend)
    USBD_LL_Transmit                         0x08006479   Thumb Code    18  usbd_conf.o(.text.USBD_LL_Transmit)
    USBD_ParseSetupRequest                   0x0800648d   Thumb Code    40  usbd_ctlreq.o(.text.USBD_ParseSetupRequest)
    USBD_RegisterClass                       0x080064b5   Thumb Code    66  usbd_core.o(.text.USBD_RegisterClass)
    USBD_SetClassConfig                      0x08006541   Thumb Code    16  usbd_core.o(.text.USBD_SetClassConfig)
    USBD_Start                               0x08006629   Thumb Code     4  usbd_core.o(.text.USBD_Start)
    USBD_StdDevReq                           0x0800662d   Thumb Code   122  usbd_ctlreq.o(.text.USBD_StdDevReq)
    USBD_StdEPReq                            0x080066a9   Thumb Code   392  usbd_ctlreq.o(.text.USBD_StdEPReq)
    USBD_StdItfReq                           0x08006831   Thumb Code   120  usbd_ctlreq.o(.text.USBD_StdItfReq)
    USBD_static_free                         0x080068a9   Thumb Code     2  usbd_conf.o(.text.USBD_static_free)
    USBD_static_malloc                       0x080068ad   Thumb Code    10  usbd_conf.o(.text.USBD_static_malloc)
    USB_ActivateEndpoint                     0x080068b9   Thumb Code   124  stm32f4xx_ll_usb.o(.text.USB_ActivateEndpoint)
    USB_ActivateSetup                        0x08006935   Thumb Code    30  stm32f4xx_ll_usb.o(.text.USB_ActivateSetup)
    USB_CoreInit                             0x08006955   Thumb Code   116  stm32f4xx_ll_usb.o(.text.USB_CoreInit)
    USB_DeactivateEndpoint                   0x08006a11   Thumb Code   144  stm32f4xx_ll_usb.o(.text.USB_DeactivateEndpoint)
    USB_DevConnect                           0x08006aa1   Thumb Code    28  stm32f4xx_ll_usb.o(.text.USB_DevConnect)
    USB_DevDisconnect                        0x08006abd   Thumb Code    28  stm32f4xx_ll_usb.o(.text.USB_DevDisconnect)
    USB_DevInit                              0x08006ad9   Thumb Code   392  stm32f4xx_ll_usb.o(.text.USB_DevInit)
    USB_DisableGlobalInt                     0x08006c61   Thumb Code    12  stm32f4xx_ll_usb.o(.text.USB_DisableGlobalInt)
    USB_EP0StartXfer                         0x08006c6d   Thumb Code   232  stm32f4xx_ll_usb.o(.text.USB_EP0StartXfer)
    USB_EP0_OutStart                         0x08006d55   Thumb Code    88  stm32f4xx_ll_usb.o(.text.USB_EP0_OutStart)
    USB_EPClearStall                         0x08006dad   Thumb Code    48  stm32f4xx_ll_usb.o(.text.USB_EPClearStall)
    USB_EPSetStall                           0x08006ddd   Thumb Code    56  stm32f4xx_ll_usb.o(.text.USB_EPSetStall)
    USB_EPStartXfer                          0x08006e15   Thumb Code   352  stm32f4xx_ll_usb.o(.text.USB_EPStartXfer)
    USB_EPStopXfer                           0x08006f75   Thumb Code   132  stm32f4xx_ll_usb.o(.text.USB_EPStopXfer)
    USB_EnableGlobalInt                      0x08006ff9   Thumb Code    12  stm32f4xx_ll_usb.o(.text.USB_EnableGlobalInt)
    USB_FlushRxFifo                          0x08007005   Thumb Code    64  stm32f4xx_ll_usb.o(.text.USB_FlushRxFifo)
    USB_FlushTxFifo                          0x08007045   Thumb Code    72  stm32f4xx_ll_usb.o(.text.USB_FlushTxFifo)
    USB_GetDevSpeed                          0x0800708d   Thumb Code    28  stm32f4xx_ll_usb.o(.text.USB_GetDevSpeed)
    USB_GetMode                              0x080070a9   Thumb Code     8  stm32f4xx_ll_usb.o(.text.USB_GetMode)
    USB_ReadDevAllInEpInterrupt              0x080070b1   Thumb Code    14  stm32f4xx_ll_usb.o(.text.USB_ReadDevAllInEpInterrupt)
    USB_ReadDevAllOutEpInterrupt             0x080070bf   Thumb Code    14  stm32f4xx_ll_usb.o(.text.USB_ReadDevAllOutEpInterrupt)
    USB_ReadDevInEPInterrupt                 0x080070cd   Thumb Code    36  stm32f4xx_ll_usb.o(.text.USB_ReadDevInEPInterrupt)
    USB_ReadDevOutEPInterrupt                0x080070f1   Thumb Code    16  stm32f4xx_ll_usb.o(.text.USB_ReadDevOutEPInterrupt)
    USB_ReadInterrupts                       0x08007101   Thumb Code     8  stm32f4xx_ll_usb.o(.text.USB_ReadInterrupts)
    USB_ReadPacket                           0x08007109   Thumb Code    54  stm32f4xx_ll_usb.o(.text.USB_ReadPacket)
    USB_SetCurrentMode                       0x0800713f   Thumb Code    96  stm32f4xx_ll_usb.o(.text.USB_SetCurrentMode)
    USB_SetDevAddress                        0x0800719f   Thumb Code    32  stm32f4xx_ll_usb.o(.text.USB_SetDevAddress)
    USB_SetTurnaroundTime                    0x080071c1   Thumb Code   240  stm32f4xx_ll_usb.o(.text.USB_SetTurnaroundTime)
    USB_WritePacket                          0x080072b1   Thumb Code    32  stm32f4xx_ll_usb.o(.text.USB_WritePacket)
    UsageFault_Handler                       0x080072d1   Thumb Code     2  stm32f4xx_it.o(.text.UsageFault_Handler)
    board_config                             0x080072f9   Thumb Code   212  motor_1.o(.text.board_config)
    cos_f32                                  0x080073cd   Thumb Code   140  fast_math.o(.text.cos_f32)
    fputc                                    0x08007459   Thumb Code    28  usart.o(.text.fputc)
    logInfo                                  0x08007475   Thumb Code    92  report.o(.text.logInfo)
    main                                     0x080074d1   Thumb Code    80  main.o(.text.main)
    report_state_variable                    0x08007521   Thumb Code    48  report.o(.text.report_state_variable)
    sin_f32                                  0x08007551   Thumb Code   140  fast_math.o(.text.sin_f32)
    upload_control_parameter                 0x080075dd   Thumb Code    64  report.o(.text.upload_control_parameter)
    __0printf                                0x0800761d   Thumb Code    22  printfa.o(i.__0printf)
    __1printf                                0x0800761d   Thumb Code     0  printfa.o(i.__0printf)
    __2printf                                0x0800761d   Thumb Code     0  printfa.o(i.__0printf)
    __c89printf                              0x0800761d   Thumb Code     0  printfa.o(i.__0printf)
    printf                                   0x0800761d   Thumb Code     0  printfa.o(i.__0printf)
    __hardfp_fmod                            0x0800763d   Thumb Code   254  fmod.o(i.__hardfp_fmod)
    __mathlib_dbl_invalid                    0x08007741   Thumb Code    24  dunder.o(i.__mathlib_dbl_invalid)
    __scatterload_copy                       0x08007761   Thumb Code    14  handlers.o(i.__scatterload_copy)
    __scatterload_null                       0x0800776f   Thumb Code     2  handlers.o(i.__scatterload_null)
    __scatterload_zeroinit                   0x08007771   Thumb Code    14  handlers.o(i.__scatterload_zeroinit)
    __set_errno                              0x08007781   Thumb Code     6  errno.o(i.__set_errno)
    AHBPrescTable                            0x0800803e   Data          16  system_stm32f4xx.o(.rodata.AHBPrescTable)
    APBPrescTable                            0x0800804e   Data           8  system_stm32f4xx.o(.rodata.APBPrescTable)
    Region$$Table$$Base                      0x0800885c   Number         0  anon$$obj.o(Region$$Table)
    Region$$Table$$Limit                     0x0800887c   Number         0  anon$$obj.o(Region$$Table)
    __stdout                                 0x20000000   Data           4  stdout.o(.data)
    hPhaseA_OffSet                           0x2000000c   Data           4  motor_1.o(.data..L_MergedGlobals)
    hPhaseC_OffSet                           0x20000010   Data           4  motor_1.o(.data..L_MergedGlobals)
    uwTickFreq                               0x20000014   Data           1  stm32f4xx_hal.o(.data..L_MergedGlobals)
    uwTickPrio                               0x20000018   Data           4  stm32f4xx_hal.o(.data..L_MergedGlobals)
    FS_Desc                                  0x2000001c   Data          28  usbd_desc.o(.data.FS_Desc)
    SystemCoreClock                          0x20000038   Data           4  system_stm32f4xx.o(.data.SystemCoreClock)
    USBD_CDC                                 0x2000003c   Data          56  usbd_cdc.o(.data.USBD_CDC)
    USBD_FS_DeviceDesc                       0x200000c4   Data          18  usbd_desc.o(.data.USBD_FS_DeviceDesc)
    USBD_Interface_fops_FS                   0x200000d8   Data          20  usbd_cdc_if.o(.data.USBD_Interface_fops_FS)
    USBD_LangIDDesc                          0x200000ec   Data           4  usbd_desc.o(.data.USBD_LangIDDesc)
    USBD_StringSerial                        0x200000f0   Data          26  usbd_desc.o(.data.USBD_StringSerial)
    state_pm                                 0x20000110   Data          28  report.o(.bss..L_MergedGlobals)
    state_pm_buffer                          0x2000012c   Data          32  report.o(.bss..L_MergedGlobals)
    control_pm                               0x2000014c   Data          56  report.o(.bss..L_MergedGlobals)
    Voltage_DQ                               0x20000184   Data           8  motor_1.o(.bss..L_MergedGlobals.1)
    Voltage_Alpha_Beta                       0x2000018c   Data           8  motor_1.o(.bss..L_MergedGlobals.1)
    Current_Ialpha_beta                      0x20000194   Data           8  motor_1.o(.bss..L_MergedGlobals.1)
    Current_Idq                              0x2000019c   Data           8  motor_1.o(.bss..L_MergedGlobals.1)
    LPF_vel                                  0x200001a4   Data          12  motor_1.o(.bss..L_MergedGlobals.1)
    mArgCali                                 0x200001b0   Data          36  motor_1.o(.bss..L_MergedGlobals.1)
    Speed_Pid                                0x200001d4   Data          48  motor_1.o(.bss..L_MergedGlobals.2)
    Posi_Pid                                 0x20000204   Data          48  motor_1.o(.bss..L_MergedGlobals.2)
    Current_ID_Pid                           0x20000234   Data          48  motor_1.o(.bss..L_MergedGlobals.3)
    Current_IQ_Pid                           0x20000264   Data          48  motor_1.o(.bss..L_MergedGlobals.3)
    Encoder                                  0x20000298   Data          64  motor_1.o(.bss.Encoder)
    USBD_StrDesc                             0x200002dc   Data         512  usbd_desc.o(.bss.USBD_StrDesc)
    UserRxBufferFS                           0x200006fc   Data        2048  usbd_cdc_if.o(.bss.UserRxBufferFS)
    UserTxBufferFS                           0x20000efc   Data        2048  usbd_cdc_if.o(.bss.UserTxBufferFS)
    control_pm_buffer                        0x200016fc   Data          60  report.o(.bss.control_pm_buffer)
    ctrlState                                0x20001738   Data           1  usbd_cdc_if.o(.bss.ctrlState)
    error_f                                  0x2000173c   Data        7168  motor_1.o(.bss.error_f)
    hUsbDeviceFS                             0x2000333c   Data         732  usb_device.o(.bss.hUsbDeviceFS)
    hadc1                                    0x20003618   Data          72  adc.o(.bss.hadc1)
    hcan1                                    0x20003660   Data          40  can.o(.bss.hcan1)
    hdma_adc1                                0x20003688   Data          96  adc.o(.bss.hdma_adc1)
    hpcd_USB_OTG_FS                          0x200036e8   Data        1292  usbd_conf.o(.bss.hpcd_USB_OTG_FS)
    hspi1                                    0x20003bf4   Data          88  spi.o(.bss.hspi1)
    htim1                                    0x20003c4c   Data          72  tim.o(.bss.htim1)
    htim2                                    0x20003c94   Data          72  tim.o(.bss.htim2)
    htim5                                    0x20003cdc   Data          72  tim.o(.bss.htim5)
    huart1                                   0x20003d24   Data          68  usart.o(.bss.huart1)
    information                              0x20003d68   Data           8  report.o(.bss.information)
    kf                                       0x20003d70   Data         104  motor_1.o(.bss.kf)
    mSystemMode                              0x20003dd8   Data           1  usbd_cdc_if.o(.bss.mSystemMode)
    motor                                    0x20003ddc   Data          92  motor_1.o(.bss.motor)
    pm_buf                                   0x20003e38   Data          56  usbd_cdc_if.o(.bss.pm_buf)
    stateChange                              0x20003e70   Data           4  usbd_cdc_if.o(.bss.stateChange)
    svpwm                                    0x20003e74   Data          76  motor_1.o(.bss.svpwm)
    targetPm                                 0x20003ec0   Data          12  usbd_cdc_if.o(.bss.targetPm)
    uwTick                                   0x20003ecc   Data           4  stm32f4xx_hal.o(.bss.uwTick)
    __initial_sp                             0x200042d0   Data           0  startup_stm32f405xx.o(STACK)



==============================================================================

Memory Map of the image

  Image Entry point : 0x08000189

  Load Region LR_IROM1 (Base: 0x08000000, Size: 0x00008990, Max: 0x00100000, ABSOLUTE)

    Execution Region ER_IROM1 (Exec base: 0x08000000, Load base: 0x08000000, Size: 0x0000887c, Max: 0x00100000, ABSOLUTE)

    Exec Addr    Load Addr    Size         Type   Attr      Idx    E Section Name        Object

    0x08000000   0x08000000   0x00000188   Data   RO            3    RESET               startup_stm32f405xx.o
    0x08000188   0x08000188   0x00000000   Code   RO         2030  * .ARM.Collect$$$$00000000  mc_w.l(entry.o)
    0x08000188   0x08000188   0x00000004   Code   RO         2330    .ARM.Collect$$$$00000001  mc_w.l(entry2.o)
    0x0800018c   0x0800018c   0x00000004   Code   RO         2333    .ARM.Collect$$$$00000004  mc_w.l(entry5.o)
    0x08000190   0x08000190   0x00000000   Code   RO         2335    .ARM.Collect$$$$00000008  mc_w.l(entry7b.o)
    0x08000190   0x08000190   0x00000000   Code   RO         2337    .ARM.Collect$$$$0000000A  mc_w.l(entry8b.o)
    0x08000190   0x08000190   0x00000008   Code   RO         2338    .ARM.Collect$$$$0000000B  mc_w.l(entry9a.o)
    0x08000198   0x08000198   0x00000000   Code   RO         2340    .ARM.Collect$$$$0000000D  mc_w.l(entry10a.o)
    0x08000198   0x08000198   0x00000000   Code   RO         2342    .ARM.Collect$$$$0000000F  mc_w.l(entry11a.o)
    0x08000198   0x08000198   0x00000004   Code   RO         2331    .ARM.Collect$$$$00002712  mc_w.l(entry2.o)
    0x0800019c   0x0800019c   0x00000024   Code   RO            4    .text               startup_stm32f405xx.o
    0x080001c0   0x080001c0   0x00000062   Code   RO         2033    .text               mc_w.l(uldiv.o)
    0x08000222   0x08000222   0x00000024   Code   RO         2035    .text               mc_w.l(memseta.o)
    0x08000246   0x08000246   0x0000014e   Code   RO         2298    .text               mf_w.l(dadd.o)
    0x08000394   0x08000394   0x000000e4   Code   RO         2300    .text               mf_w.l(dmul.o)
    0x08000478   0x08000478   0x000000de   Code   RO         2302    .text               mf_w.l(ddiv.o)
    0x08000556   0x08000556   0x00000036   Code   RO         2304    .text               mf_w.l(dcmple.o)
    0x0800058c   0x0800058c   0x0000002c   Code   RO         2306    .text               mf_w.l(ffltl.o)
    0x080005b8   0x080005b8   0x00000022   Code   RO         2308    .text               mf_w.l(dflti.o)
    0x080005da   0x080005da   0x0000001a   Code   RO         2310    .text               mf_w.l(dfltui.o)
    0x080005f4   0x080005f4   0x00000026   Code   RO         2312    .text               mf_w.l(f2d.o)
    0x0800061a   0x0800061a   0x00000038   Code   RO         2314    .text               mf_w.l(d2f.o)
    0x08000652   0x08000652   0x0000002c   Code   RO         2345    .text               mc_w.l(uidiv.o)
    0x0800067e   0x0800067e   0x0000001e   Code   RO         2347    .text               mc_w.l(llshl.o)
    0x0800069c   0x0800069c   0x00000020   Code   RO         2349    .text               mc_w.l(llushr.o)
    0x080006bc   0x080006bc   0x00000024   Code   RO         2351    .text               mc_w.l(llsshr.o)
    0x080006e0   0x080006e0   0x00000000   Code   RO         2360    .text               mc_w.l(iusefp.o)
    0x080006e0   0x080006e0   0x0000006e   Code   RO         2361    .text               mf_w.l(fepilogue.o)
    0x0800074e   0x0800074e   0x000000ba   Code   RO         2363    .text               mf_w.l(depilogue.o)
    0x08000808   0x08000808   0x00000086   Code   RO         2365    .text               mf_w.l(drem.o)
    0x0800088e   0x0800088e   0x00000030   Code   RO         2367    .text               mf_w.l(dfixul.o)
    0x080008be   0x080008be   0x00000002   PAD
    0x080008c0   0x080008c0   0x00000030   Code   RO         2369    .text               mf_w.l(cdrcmple.o)
    0x080008f0   0x080008f0   0x00000024   Code   RO         2371    .text               mc_w.l(init.o)
    0x08000914   0x08000914   0x0000000c   Code   RO          212    .text.ADC_IRQHandler  stm32f4xx_it.o
    0x08000920   0x08000920   0x0000001e   Code   RO          257    .text.Angle_To_Cos_Sin  motor_1.o
    0x0800093e   0x0800093e   0x00000002   Code   RO          200    .text.BusFault_Handler  stm32f4xx_it.o
    0x08000940   0x08000940   0x00000358   Code   RO          273    .text.CALIBRATION_LOOP  motor_1.o
    0x08000c98   0x08000c98   0x00000004   Code   RO         1754    .text.CDC_Control_FS  usbd_cdc_if.o
    0x08000c9c   0x08000c9c   0x00000004   Code   RO         1752    .text.CDC_DeInit_FS  usbd_cdc_if.o
    0x08000ca0   0x08000ca0   0x0000002c   Code   RO         1750    .text.CDC_Init_FS   usbd_cdc_if.o
    0x08000ccc   0x08000ccc   0x00000134   Code   RO         1756    .text.CDC_Receive_FS  usbd_cdc_if.o
    0x08000e00   0x08000e00   0x00000004   Code   RO         1758    .text.CDC_TransmitCplt_FS  usbd_cdc_if.o
    0x08000e04   0x08000e04   0x00000036   Code   RO         1760    .text.CDC_Transmit_FS  usbd_cdc_if.o
    0x08000e3a   0x08000e3a   0x00000002   PAD
    0x08000e3c   0x08000e3c   0x0000000c   Code   RO          220    .text.DMA2_Stream0_IRQHandler  stm32f4xx_it.o
    0x08000e48   0x08000e48   0x00000034   Code   RO          691    .text.DMA_CalcBaseAndBitshift  stm32f4xx_hal_dma.o
    0x08000e7c   0x08000e7c   0x00000002   Code   RO          206    .text.DebugMon_Handler  stm32f4xx_it.o
    0x08000e7e   0x08000e7e   0x00000002   PAD
    0x08000e80   0x08000e80   0x00000400   Code   RO          263    .text.ENCODER_sample  motor_1.o
    0x08001280   0x08001280   0x00000054   Code   RO          249    .text.Encoder_Init  motor_1.o
    0x080012d4   0x080012d4   0x00000008   Code   RO           68    .text.Error_Handler  main.o
    0x080012dc   0x080012dc   0x0000008c   Code   RO          275    .text.FOC_Control_Loop  motor_1.o
    0x08001368   0x08001368   0x00000036   Code   RO         1732    .text.Get_SerialNum  usbd_desc.o
    0x0800139e   0x0800139e   0x00000002   PAD
    0x080013a0   0x080013a0   0x00000148   Code   RO         1016    .text.HAL_ADCEx_InjectedConfigChannel  stm32f4xx_hal_adc_ex.o
    0x080014e8   0x080014e8   0x00000170   Code   RO          265    .text.HAL_ADCEx_InjectedConvCpltCallback  motor_1.o
    0x08001658   0x08001658   0x000000bc   Code   RO          992    .text.HAL_ADCEx_InjectedStart_IT  stm32f4xx_hal_adc_ex.o
    0x08001714   0x08001714   0x000000ec   Code   RO          973    .text.HAL_ADC_ConfigChannel  stm32f4xx_hal_adc.o
    0x08001800   0x08001800   0x00000002   Code   RO          953    .text.HAL_ADC_ConvCpltCallback  stm32f4xx_hal_adc.o
    0x08001802   0x08001802   0x00000002   Code   RO          957    .text.HAL_ADC_ErrorCallback  stm32f4xx_hal_adc.o
    0x08001804   0x08001804   0x0000012c   Code   RO          951    .text.HAL_ADC_IRQHandler  stm32f4xx_hal_adc.o
    0x08001930   0x08001930   0x00000144   Code   RO          931    .text.HAL_ADC_Init  stm32f4xx_hal_adc.o
    0x08001a74   0x08001a74   0x00000002   Code   RO          955    .text.HAL_ADC_LevelOutOfWindowCallback  stm32f4xx_hal_adc.o
    0x08001a76   0x08001a76   0x00000002   PAD
    0x08001a78   0x08001a78   0x000000e4   Code   RO           91    .text.HAL_ADC_MspInit  adc.o
    0x08001b5c   0x08001b5c   0x000000f0   Code   RO         1030    .text.HAL_CAN_Init  stm32f4xx_hal_can.o
    0x08001c4c   0x08001c4c   0x0000006c   Code   RO          108    .text.HAL_CAN_MspInit  can.o
    0x08001cb8   0x08001cb8   0x00000080   Code   RO          701    .text.HAL_DMA_Abort  stm32f4xx_hal_dma.o
    0x08001d38   0x08001d38   0x00000024   Code   RO          703    .text.HAL_DMA_Abort_IT  stm32f4xx_hal_dma.o
    0x08001d5c   0x08001d5c   0x00000170   Code   RO          707    .text.HAL_DMA_IRQHandler  stm32f4xx_hal_dma.o
    0x08001ecc   0x08001ecc   0x00000118   Code   RO          689    .text.HAL_DMA_Init  stm32f4xx_hal_dma.o
    0x08001fe4   0x08001fe4   0x00000020   Code   RO          859    .text.HAL_Delay     stm32f4xx_hal.o
    0x08002004   0x08002004   0x000001ac   Code   RO          649    .text.HAL_GPIO_Init  stm32f4xx_hal_gpio.o
    0x080021b0   0x080021b0   0x00000010   Code   RO          657    .text.HAL_GPIO_TogglePin  stm32f4xx_hal_gpio.o
    0x080021c0   0x080021c0   0x0000000a   Code   RO          655    .text.HAL_GPIO_WritePin  stm32f4xx_hal_gpio.o
    0x080021ca   0x080021ca   0x00000002   PAD
    0x080021cc   0x080021cc   0x00000008   Code   RO          851    .text.HAL_GetTick   stm32f4xx_hal.o
    0x080021d4   0x080021d4   0x00000014   Code   RO          849    .text.HAL_IncTick   stm32f4xx_hal.o
    0x080021e8   0x080021e8   0x00000034   Code   RO          839    .text.HAL_Init      stm32f4xx_hal.o
    0x0800221c   0x0800221c   0x00000040   Code   RO          841    .text.HAL_InitTick  stm32f4xx_hal.o
    0x0800225c   0x0800225c   0x00000038   Code   RO          232    .text.HAL_MspInit   stm32f4xx_hal_msp.o
    0x08002294   0x08002294   0x0000001c   Code   RO          796    .text.HAL_NVIC_EnableIRQ  stm32f4xx_hal_cortex.o
    0x080022b0   0x080022b0   0x00000038   Code   RO          792    .text.HAL_NVIC_SetPriority  stm32f4xx_hal_cortex.o
    0x080022e8   0x080022e8   0x00000020   Code   RO          790    .text.HAL_NVIC_SetPriorityGrouping  stm32f4xx_hal_cortex.o
    0x08002308   0x08002308   0x00000002   Code   RO          403    .text.HAL_PCDEx_LPM_Callback  stm32f4xx_hal_pcd_ex.o
    0x0800230a   0x0800230a   0x00000008   Code   RO          401    .text.HAL_PCDEx_SetRxFiFo  stm32f4xx_hal_pcd_ex.o
    0x08002312   0x08002312   0x00000040   Code   RO          399    .text.HAL_PCDEx_SetTxFiFo  stm32f4xx_hal_pcd_ex.o
    0x08002352   0x08002352   0x00000002   PAD
    0x08002354   0x08002354   0x00000008   Code   RO         1806    .text.HAL_PCD_ConnectCallback  usbd_conf.o
    0x0800235c   0x0800235c   0x00000014   Code   RO         1792    .text.HAL_PCD_DataInStageCallback  usbd_conf.o
    0x08002370   0x08002370   0x00000016   Code   RO         1790    .text.HAL_PCD_DataOutStageCallback  usbd_conf.o
    0x08002386   0x08002386   0x00000002   PAD
    0x08002388   0x08002388   0x00000008   Code   RO         1808    .text.HAL_PCD_DisconnectCallback  usbd_conf.o
    0x08002390   0x08002390   0x00000020   Code   RO          348    .text.HAL_PCD_EP_Abort  stm32f4xx_hal_pcd.o
    0x080023b0   0x080023b0   0x00000052   Code   RO          368    .text.HAL_PCD_EP_Close  stm32f4xx_hal_pcd.o
    0x08002402   0x08002402   0x00000060   Code   RO          378    .text.HAL_PCD_EP_ClrStall  stm32f4xx_hal_pcd.o
    0x08002462   0x08002462   0x00000012   Code   RO          372    .text.HAL_PCD_EP_GetRxCount  stm32f4xx_hal_pcd.o
    0x08002474   0x08002474   0x00000064   Code   RO          366    .text.HAL_PCD_EP_Open  stm32f4xx_hal_pcd.o
    0x080024d8   0x080024d8   0x00000046   Code   RO          370    .text.HAL_PCD_EP_Receive  stm32f4xx_hal_pcd.o
    0x0800251e   0x0800251e   0x0000006e   Code   RO          376    .text.HAL_PCD_EP_SetStall  stm32f4xx_hal_pcd.o
    0x0800258c   0x0800258c   0x0000003c   Code   RO          374    .text.HAL_PCD_EP_Transmit  stm32f4xx_hal_pcd.o
    0x080025c8   0x080025c8   0x00000712   Code   RO          332    .text.HAL_PCD_IRQHandler  stm32f4xx_hal_pcd.o
    0x08002cda   0x08002cda   0x00000002   PAD
    0x08002cdc   0x08002cdc   0x00000008   Code   RO         1804    .text.HAL_PCD_ISOINIncompleteCallback  usbd_conf.o
    0x08002ce4   0x08002ce4   0x00000008   Code   RO         1802    .text.HAL_PCD_ISOOUTIncompleteCallback  usbd_conf.o
    0x08002cec   0x08002cec   0x00000138   Code   RO          320    .text.HAL_PCD_Init  stm32f4xx_hal_pcd.o
    0x08002e24   0x08002e24   0x00000088   Code   RO         1784    .text.HAL_PCD_MspInit  usbd_conf.o
    0x08002eac   0x08002eac   0x0000002a   Code   RO         1796    .text.HAL_PCD_ResetCallback  usbd_conf.o
    0x08002ed6   0x08002ed6   0x00000002   PAD
    0x08002ed8   0x08002ed8   0x00000008   Code   RO         1800    .text.HAL_PCD_ResumeCallback  usbd_conf.o
    0x08002ee0   0x08002ee0   0x00000008   Code   RO         1794    .text.HAL_PCD_SOFCallback  usbd_conf.o
    0x08002ee8   0x08002ee8   0x00000028   Code   RO          364    .text.HAL_PCD_SetAddress  stm32f4xx_hal_pcd.o
    0x08002f10   0x08002f10   0x0000000e   Code   RO         1788    .text.HAL_PCD_SetupStageCallback  usbd_conf.o
    0x08002f1e   0x08002f1e   0x0000003e   Code   RO          328    .text.HAL_PCD_Start  stm32f4xx_hal_pcd.o
    0x08002f5c   0x08002f5c   0x00000034   Code   RO         1798    .text.HAL_PCD_SuspendCallback  usbd_conf.o
    0x08002f90   0x08002f90   0x00000128   Code   RO          527    .text.HAL_RCC_ClockConfig  stm32f4xx_hal_rcc.o
    0x080030b8   0x080030b8   0x00000008   Code   RO          537    .text.HAL_RCC_GetHCLKFreq  stm32f4xx_hal_rcc.o
    0x080030c0   0x080030c0   0x00000014   Code   RO          539    .text.HAL_RCC_GetPCLK1Freq  stm32f4xx_hal_rcc.o
    0x080030d4   0x080030d4   0x00000020   Code   RO          541    .text.HAL_RCC_GetPCLK2Freq  stm32f4xx_hal_rcc.o
    0x080030f4   0x080030f4   0x0000005c   Code   RO          529    .text.HAL_RCC_GetSysClockFreq  stm32f4xx_hal_rcc.o
    0x08003150   0x08003150   0x00000324   Code   RO          525    .text.HAL_RCC_OscConfig  stm32f4xx_hal_rcc.o
    0x08003474   0x08003474   0x000000c0   Code   RO         1111    .text.HAL_SPI_Init  stm32f4xx_hal_spi.o
    0x08003534   0x08003534   0x0000006c   Code   RO          134    .text.HAL_SPI_MspInit  spi.o
    0x080035a0   0x080035a0   0x00000164   Code   RO         1119    .text.HAL_SPI_Transmit  stm32f4xx_hal_spi.o
    0x08003704   0x08003704   0x000001d0   Code   RO         1125    .text.HAL_SPI_TransmitReceive  stm32f4xx_hal_spi.o
    0x080038d4   0x080038d4   0x00000002   Code   RO          241    .text.HAL_SYSTICK_Callback  motor_1.o
    0x080038d6   0x080038d6   0x00000002   PAD
    0x080038d8   0x080038d8   0x00000028   Code   RO          804    .text.HAL_SYSTICK_Config  stm32f4xx_hal_cortex.o
    0x08003900   0x08003900   0x00000004   Code   RO          826    .text.HAL_SYSTICK_IRQHandler  stm32f4xx_hal_cortex.o
    0x08003904   0x08003904   0x00000002   Code   RO         1550    .text.HAL_TIMEx_BreakCallback  stm32f4xx_hal_tim_ex.o
    0x08003906   0x08003906   0x00000002   Code   RO         1546    .text.HAL_TIMEx_CommutCallback  stm32f4xx_hal_tim_ex.o
    0x08003908   0x08003908   0x0000004e   Code   RO         1542    .text.HAL_TIMEx_ConfigBreakDeadTime  stm32f4xx_hal_tim_ex.o
    0x08003956   0x08003956   0x00000002   PAD
    0x08003958   0x08003958   0x00000074   Code   RO         1540    .text.HAL_TIMEx_MasterConfigSynchronization  stm32f4xx_hal_tim_ex.o
    0x080039cc   0x080039cc   0x000000a4   Code   RO         1510    .text.HAL_TIMEx_PWMN_Start  stm32f4xx_hal_tim_ex.o
    0x08003a70   0x08003a70   0x00000058   Code   RO         1230    .text.HAL_TIM_Base_Init  stm32f4xx_hal_tim.o
    0x08003ac8   0x08003ac8   0x00000088   Code   RO          156    .text.HAL_TIM_Base_MspInit  tim.o
    0x08003b50   0x08003b50   0x00000080   Code   RO         1244    .text.HAL_TIM_Base_Start_IT  stm32f4xx_hal_tim.o
    0x08003bd0   0x08003bd0   0x000000f6   Code   RO         1418    .text.HAL_TIM_ConfigClockSource  stm32f4xx_hal_tim.o
    0x08003cc6   0x08003cc6   0x00000002   Code   RO         1366    .text.HAL_TIM_IC_CaptureCallback  stm32f4xx_hal_tim.o
    0x08003cc8   0x08003cc8   0x0000016c   Code   RO         1364    .text.HAL_TIM_IRQHandler  stm32f4xx_hal_tim.o
    0x08003e34   0x08003e34   0x0000008c   Code   RO          150    .text.HAL_TIM_MspPostInit  tim.o
    0x08003ec0   0x08003ec0   0x00000002   Code   RO         1368    .text.HAL_TIM_OC_DelayElapsedCallback  stm32f4xx_hal_tim.o
    0x08003ec2   0x08003ec2   0x00000002   PAD
    0x08003ec4   0x08003ec4   0x00000098   Code   RO         1392    .text.HAL_TIM_PWM_ConfigChannel  stm32f4xx_hal_tim.o
    0x08003f5c   0x08003f5c   0x00000058   Code   RO         1284    .text.HAL_TIM_PWM_Init  stm32f4xx_hal_tim.o
    0x08003fb4   0x08003fb4   0x00000002   Code   RO         1286    .text.HAL_TIM_PWM_MspInit  stm32f4xx_hal_tim.o
    0x08003fb6   0x08003fb6   0x00000002   Code   RO         1370    .text.HAL_TIM_PWM_PulseFinishedCallback  stm32f4xx_hal_tim.o
    0x08003fb8   0x08003fb8   0x000000e4   Code   RO         1292    .text.HAL_TIM_PWM_Start  stm32f4xx_hal_tim.o
    0x0800409c   0x0800409c   0x0000006c   Code   RO          279    .text.HAL_TIM_PeriodElapsedCallback  motor_1.o
    0x08004108   0x08004108   0x00000002   Code   RO         1374    .text.HAL_TIM_TriggerCallback  stm32f4xx_hal_tim.o
    0x0800410a   0x0800410a   0x00000002   Code   RO         1655    .text.HAL_UARTEx_RxEventCallback  stm32f4xx_hal_uart.o
    0x0800410c   0x0800410c   0x00000002   Code   RO         1653    .text.HAL_UART_ErrorCallback  stm32f4xx_hal_uart.o
    0x0800410e   0x0800410e   0x00000002   PAD
    0x08004110   0x08004110   0x0000028c   Code   RO         1647    .text.HAL_UART_IRQHandler  stm32f4xx_hal_uart.o
    0x0800439c   0x0800439c   0x0000005c   Code   RO         1565    .text.HAL_UART_Init  stm32f4xx_hal_uart.o
    0x080043f8   0x080043f8   0x00000078   Code   RO          178    .text.HAL_UART_MspInit  usart.o
    0x08004470   0x08004470   0x00000002   Code   RO         1661    .text.HAL_UART_RxCpltCallback  stm32f4xx_hal_uart.o
    0x08004472   0x08004472   0x000000bc   Code   RO         1581    .text.HAL_UART_Transmit  stm32f4xx_hal_uart.o
    0x0800452e   0x0800452e   0x00000002   Code   RO         1657    .text.HAL_UART_TxCpltCallback  stm32f4xx_hal_uart.o
    0x08004530   0x08004530   0x00000002   Code   RO          196    .text.HardFault_Handler  stm32f4xx_it.o
    0x08004532   0x08004532   0x00000002   PAD
    0x08004534   0x08004534   0x00000036   Code   RO         1734    .text.IntToUnicode  usbd_desc.o
    0x0800456a   0x0800456a   0x00000002   PAD
    0x0800456c   0x0800456c   0x00000048   Code   RO          245    .text.MOTOR_Init    motor_1.o
    0x080045b4   0x080045b4   0x000000c8   Code   RO           89    .text.MX_ADC1_Init  adc.o
    0x0800467c   0x0800467c   0x00000030   Code   RO          106    .text.MX_CAN1_Init  can.o
    0x080046ac   0x080046ac   0x00000030   Code   RO          122    .text.MX_DMA_Init   dma.o
    0x080046dc   0x080046dc   0x00000128   Code   RO           79    .text.MX_GPIO_Init  gpio.o
    0x08004804   0x08004804   0x0000004c   Code   RO          132    .text.MX_SPI1_Init  spi.o
    0x08004850   0x08004850   0x0000011c   Code   RO          148    .text.MX_TIM1_Init  tim.o
    0x0800496c   0x0800496c   0x00000064   Code   RO          152    .text.MX_TIM2_Init  tim.o
    0x080049d0   0x080049d0   0x00000064   Code   RO          154    .text.MX_TIM5_Init  tim.o
    0x08004a34   0x08004a34   0x00000038   Code   RO          176    .text.MX_USART1_UART_Init  usart.o
    0x08004a6c   0x08004a6c   0x00000072   Code   RO         1708    .text.MX_USB_DEVICE_Init  usb_device.o
    0x08004ade   0x08004ade   0x00000002   Code   RO          198    .text.MemManage_Handler  stm32f4xx_it.o
    0x08004ae0   0x08004ae0   0x00000002   Code   RO          194    .text.NMI_Handler   stm32f4xx_it.o
    0x08004ae2   0x08004ae2   0x00000002   PAD
    0x08004ae4   0x08004ae4   0x0000000c   Code   RO          222    .text.OTG_FS_IRQHandler  stm32f4xx_it.o
    0x08004af0   0x08004af0   0x00000078   Code   RO          283    .text.PID_Calc      motor_1.o
    0x08004b68   0x08004b68   0x00000094   Code   RO          247    .text.PID_Init      motor_1.o
    0x08004bfc   0x08004bfc   0x00000002   Code   RO          208    .text.PendSV_Handler  stm32f4xx_it.o
    0x08004bfe   0x08004bfe   0x00000058   Code   RO          281    .text.Posi_Pid_Calc  motor_1.o
    0x08004c56   0x08004c56   0x00000022   Code   RO          259    .text.Rev_Park_Transf  motor_1.o
    0x08004c78   0x08004c78   0x00000090   Code   RO           11    .text.SPI_AS5047_ReadData  as5047.o
    0x08004d08   0x08004d08   0x00000054   Code   RO         1121    .text.SPI_EndRxTxTransaction  stm32f4xx_hal_spi.o
    0x08004d5c   0x08004d5c   0x000000b4   Code   RO         1219    .text.SPI_WaitFlagStateUntilTimeout  stm32f4xx_hal_spi.o
    0x08004e10   0x08004e10   0x00000002   Code   RO          204    .text.SVC_Handler   stm32f4xx_it.o
    0x08004e12   0x08004e12   0x00000002   PAD
    0x08004e14   0x08004e14   0x00000274   Code   RO          261    .text.SVPWM_Calc    motor_1.o
    0x08005088   0x08005088   0x00000004   Code   RO         1938    .text.SWAPBYTE      usbd_ctlreq.o
    0x0800508c   0x0800508c   0x00000044   Code   RO          271    .text.SYNCHRONIZE_PM  motor_1.o
    0x080050d0   0x080050d0   0x00000068   Code   RO           44    .text.SynControlPM  report.o
    0x08005138   0x08005138   0x00000034   Code   RO           42    .text.SynStatePM    report.o
    0x0800516c   0x0800516c   0x0000000e   Code   RO          210    .text.SysTick_Handler  stm32f4xx_it.o
    0x0800517a   0x0800517a   0x00000002   PAD
    0x0800517c   0x0800517c   0x000000a8   Code   RO           66    .text.SystemClock_Config  main.o
    0x08005224   0x08005224   0x00000010   Code   RO         1692    .text.SystemInit    system_stm32f4xx.o
    0x08005234   0x08005234   0x0000000c   Code   RO          214    .text.TIM2_IRQHandler  stm32f4xx_it.o
    0x08005240   0x08005240   0x0000000c   Code   RO          218    .text.TIM5_IRQHandler  stm32f4xx_it.o
    0x0800524c   0x0800524c   0x000000d0   Code   RO         1234    .text.TIM_Base_SetConfig  stm32f4xx_hal_tim.o
    0x0800531c   0x0800531c   0x0000001e   Code   RO         1268    .text.TIM_CCxChannelCmd  stm32f4xx_hal_tim.o
    0x0800533a   0x0800533a   0x0000001e   Code   RO         1494    .text.TIM_CCxNChannelCmd  stm32f4xx_hal_tim_ex.o
    0x08005358   0x08005358   0x00000054   Code   RO         1378    .text.TIM_OC1_SetConfig  stm32f4xx_hal_tim.o
    0x080053ac   0x080053ac   0x00000060   Code   RO         1380    .text.TIM_OC2_SetConfig  stm32f4xx_hal_tim.o
    0x0800540c   0x0800540c   0x00000064   Code   RO         1382    .text.TIM_OC3_SetConfig  stm32f4xx_hal_tim.o
    0x08005470   0x08005470   0x00000048   Code   RO         1384    .text.TIM_OC4_SetConfig  stm32f4xx_hal_tim.o
    0x080054b8   0x080054b8   0x00000022   Code   RO         1420    .text.TIM_TI1_ConfigInputStage  stm32f4xx_hal_tim.o
    0x080054da   0x080054da   0x00000022   Code   RO         1422    .text.TIM_TI2_ConfigInputStage  stm32f4xx_hal_tim.o
    0x080054fc   0x080054fc   0x0000000c   Code   RO         1651    .text.UART_DMAAbortOnError  stm32f4xx_hal_uart.o
    0x08005508   0x08005508   0x0000004e   Code   RO         1613    .text.UART_EndRxTransfer  stm32f4xx_hal_uart.o
    0x08005556   0x08005556   0x000000c2   Code   RO         1649    .text.UART_Receive_IT  stm32f4xx_hal_uart.o
    0x08005618   0x08005618   0x000000c8   Code   RO         1569    .text.UART_SetConfig  stm32f4xx_hal_uart.o
    0x080056e0   0x080056e0   0x0000006e   Code   RO         1583    .text.UART_WaitOnFlagUntilTimeout  stm32f4xx_hal_uart.o
    0x0800574e   0x0800574e   0x00000002   PAD
    0x08005750   0x08005750   0x0000000c   Code   RO          216    .text.USART1_IRQHandler  stm32f4xx_it.o
    0x0800575c   0x0800575c   0x00000076   Code   RO         1985    .text.USBD_CDC_DataIn  usbd_cdc.o
    0x080057d2   0x080057d2   0x00000002   PAD
    0x080057d4   0x080057d4   0x0000003c   Code   RO         1987    .text.USBD_CDC_DataOut  usbd_cdc.o
    0x08005810   0x08005810   0x0000005a   Code   RO         1979    .text.USBD_CDC_DeInit  usbd_cdc.o
    0x0800586a   0x0800586a   0x00000002   PAD
    0x0800586c   0x0800586c   0x0000003a   Code   RO         1983    .text.USBD_CDC_EP0_RxReady  usbd_cdc.o
    0x080058a6   0x080058a6   0x00000002   PAD
    0x080058a8   0x080058a8   0x00000010   Code   RO         1995    .text.USBD_CDC_GetDeviceQualifierDescriptor  usbd_cdc.o
    0x080058b8   0x080058b8   0x00000052   Code   RO         1991    .text.USBD_CDC_GetFSCfgDesc  usbd_cdc.o
    0x0800590a   0x0800590a   0x00000002   PAD
    0x0800590c   0x0800590c   0x00000056   Code   RO         1989    .text.USBD_CDC_GetHSCfgDesc  usbd_cdc.o
    0x08005962   0x08005962   0x00000002   PAD
    0x08005964   0x08005964   0x00000052   Code   RO         1993    .text.USBD_CDC_GetOtherSpeedCfgDesc  usbd_cdc.o
    0x080059b6   0x080059b6   0x00000002   PAD
    0x080059b8   0x080059b8   0x000000d8   Code   RO         1977    .text.USBD_CDC_Init  usbd_cdc.o
    0x08005a90   0x08005a90   0x00000032   Code   RO         2005    .text.USBD_CDC_ReceivePacket  usbd_cdc.o
    0x08005ac2   0x08005ac2   0x00000002   PAD
    0x08005ac4   0x08005ac4   0x00000018   Code   RO         1997    .text.USBD_CDC_RegisterInterface  usbd_cdc.o
    0x08005adc   0x08005adc   0x0000001a   Code   RO         2001    .text.USBD_CDC_SetRxBuffer  usbd_cdc.o
    0x08005af6   0x08005af6   0x00000002   PAD
    0x08005af8   0x08005af8   0x0000001e   Code   RO         1999    .text.USBD_CDC_SetTxBuffer  usbd_cdc.o
    0x08005b16   0x08005b16   0x00000002   PAD
    0x08005b18   0x08005b18   0x0000011a   Code   RO         1981    .text.USBD_CDC_Setup  usbd_cdc.o
    0x08005c32   0x08005c32   0x00000002   PAD
    0x08005c34   0x08005c34   0x00000040   Code   RO         2003    .text.USBD_CDC_TransmitPacket  usbd_cdc.o
    0x08005c74   0x08005c74   0x00000012   Code   RO         1871    .text.USBD_ClrClassConfig  usbd_core.o
    0x08005c86   0x08005c86   0x00000002   PAD
    0x08005c88   0x08005c88   0x00000020   Code   RO         1928    .text.USBD_ClrFeature  usbd_ctlreq.o
    0x08005ca8   0x08005ca8   0x00000004   Code   RO         1879    .text.USBD_CoreFindEP  usbd_core.o
    0x08005cac   0x08005cac   0x00000004   Code   RO         1877    .text.USBD_CoreFindIF  usbd_core.o
    0x08005cb0   0x08005cb0   0x00000010   Code   RO         1960    .text.USBD_CtlContinueRx  usbd_ioreq.o
    0x08005cc0   0x08005cc0   0x00000010   Code   RO         1956    .text.USBD_CtlContinueSendData  usbd_ioreq.o
    0x08005cd0   0x08005cd0   0x00000016   Code   RO         1930    .text.USBD_CtlError  usbd_ctlreq.o
    0x08005ce6   0x08005ce6   0x00000002   PAD
    0x08005ce8   0x08005ce8   0x0000001a   Code   RO         1958    .text.USBD_CtlPrepareRx  usbd_ioreq.o
    0x08005d02   0x08005d02   0x00000002   PAD
    0x08005d04   0x08005d04   0x00000016   Code   RO         1964    .text.USBD_CtlReceiveStatus  usbd_ioreq.o
    0x08005d1a   0x08005d1a   0x00000002   PAD
    0x08005d1c   0x08005d1c   0x0000001a   Code   RO         1954    .text.USBD_CtlSendData  usbd_ioreq.o
    0x08005d36   0x08005d36   0x00000002   PAD
    0x08005d38   0x08005d38   0x00000016   Code   RO         1962    .text.USBD_CtlSendStatus  usbd_ioreq.o
    0x08005d4e   0x08005d4e   0x00000002   PAD
    0x08005d50   0x08005d50   0x00000024   Code   RO         1728    .text.USBD_FS_ConfigStrDescriptor  usbd_desc.o
    0x08005d74   0x08005d74   0x0000000e   Code   RO         1718    .text.USBD_FS_DeviceDescriptor  usbd_desc.o
    0x08005d82   0x08005d82   0x00000002   PAD
    0x08005d84   0x08005d84   0x00000028   Code   RO         1730    .text.USBD_FS_InterfaceStrDescriptor  usbd_desc.o
    0x08005dac   0x08005dac   0x0000000e   Code   RO         1720    .text.USBD_FS_LangIDStrDescriptor  usbd_desc.o
    0x08005dba   0x08005dba   0x00000002   PAD
    0x08005dbc   0x08005dbc   0x0000002c   Code   RO         1722    .text.USBD_FS_ManufacturerStrDescriptor  usbd_desc.o
    0x08005de8   0x08005de8   0x00000030   Code   RO         1724    .text.USBD_FS_ProductStrDescriptor  usbd_desc.o
    0x08005e18   0x08005e18   0x00000014   Code   RO         1726    .text.USBD_FS_SerialStrDescriptor  usbd_desc.o
    0x08005e2c   0x08005e2c   0x00000032   Code   RO         1922    .text.USBD_GetConfig  usbd_ctlreq.o
    0x08005e5e   0x08005e5e   0x00000002   PAD
    0x08005e60   0x08005e60   0x0000010c   Code   RO         1916    .text.USBD_GetDescriptor  usbd_ctlreq.o
    0x08005f6c   0x08005f6c   0x0000004a   Code   RO         1901    .text.USBD_GetEpDesc  usbd_core.o
    0x08005fb6   0x08005fb6   0x00000002   PAD
    0x08005fb8   0x08005fb8   0x0000001e   Code   RO         1942    .text.USBD_GetLen   usbd_ctlreq.o
    0x08005fd6   0x08005fd6   0x00000002   PAD
    0x08005fd8   0x08005fd8   0x0000000c   Code   RO         1903    .text.USBD_GetNextDesc  usbd_core.o
    0x08005fe4   0x08005fe4   0x00000030   Code   RO         1924    .text.USBD_GetStatus  usbd_ctlreq.o
    0x08006014   0x08006014   0x00000044   Code   RO         1940    .text.USBD_GetString  usbd_ctlreq.o
    0x08006058   0x08006058   0x0000001a   Code   RO         1814    .text.USBD_Get_USB_Status  usbd_conf.o
    0x08006072   0x08006072   0x00000002   PAD
    0x08006074   0x08006074   0x0000002a   Code   RO         1857    .text.USBD_Init     usbd_core.o
    0x0800609e   0x0800609e   0x00000002   PAD
    0x080060a0   0x080060a0   0x00000012   Code   RO         1828    .text.USBD_LL_ClearStallEP  usbd_conf.o
    0x080060b2   0x080060b2   0x00000002   PAD
    0x080060b4   0x080060b4   0x00000012   Code   RO         1822    .text.USBD_LL_CloseEP  usbd_conf.o
    0x080060c6   0x080060c6   0x00000002   PAD
    0x080060c8   0x080060c8   0x000000b2   Code   RO         1881    .text.USBD_LL_DataInStage  usbd_core.o
    0x0800617a   0x0800617a   0x00000002   PAD
    0x0800617c   0x0800617c   0x00000076   Code   RO         1875    .text.USBD_LL_DataOutStage  usbd_core.o
    0x080061f2   0x080061f2   0x00000002   PAD
    0x080061f4   0x080061f4   0x00000004   Code   RO         1897    .text.USBD_LL_DevConnected  usbd_core.o
    0x080061f8   0x080061f8   0x00000020   Code   RO         1899    .text.USBD_LL_DevDisconnected  usbd_core.o
    0x08006218   0x08006218   0x00000008   Code   RO         1838    .text.USBD_LL_GetRxDataSize  usbd_conf.o
    0x08006220   0x08006220   0x0000006e   Code   RO         1810    .text.USBD_LL_Init  usbd_conf.o
    0x0800628e   0x0800628e   0x00000002   PAD
    0x08006290   0x08006290   0x00000020   Code   RO         1830    .text.USBD_LL_IsStallEP  usbd_conf.o
    0x080062b0   0x080062b0   0x00000026   Code   RO         1893    .text.USBD_LL_IsoINIncomplete  usbd_core.o
    0x080062d6   0x080062d6   0x00000002   PAD
    0x080062d8   0x080062d8   0x00000026   Code   RO         1895    .text.USBD_LL_IsoOUTIncomplete  usbd_core.o
    0x080062fe   0x080062fe   0x00000002   PAD
    0x08006300   0x08006300   0x00000018   Code   RO         1820    .text.USBD_LL_OpenEP  usbd_conf.o
    0x08006318   0x08006318   0x00000012   Code   RO         1836    .text.USBD_LL_PrepareReceive  usbd_conf.o
    0x0800632a   0x0800632a   0x00000002   PAD
    0x0800632c   0x0800632c   0x00000064   Code   RO         1883    .text.USBD_LL_Reset  usbd_core.o
    0x08006390   0x08006390   0x00000014   Code   RO         1889    .text.USBD_LL_Resume  usbd_core.o
    0x080063a4   0x080063a4   0x0000001c   Code   RO         1891    .text.USBD_LL_SOF   usbd_core.o
    0x080063c0   0x080063c0   0x00000008   Code   RO         1885    .text.USBD_LL_SetSpeed  usbd_core.o
    0x080063c8   0x080063c8   0x00000012   Code   RO         1832    .text.USBD_LL_SetUSBAddress  usbd_conf.o
    0x080063da   0x080063da   0x00000002   PAD
    0x080063dc   0x080063dc   0x00000060   Code   RO         1873    .text.USBD_LL_SetupStage  usbd_core.o
    0x0800643c   0x0800643c   0x00000012   Code   RO         1826    .text.USBD_LL_StallEP  usbd_conf.o
    0x0800644e   0x0800644e   0x00000002   PAD
    0x08006450   0x08006450   0x00000012   Code   RO         1816    .text.USBD_LL_Start  usbd_conf.o
    0x08006462   0x08006462   0x00000002   PAD
    0x08006464   0x08006464   0x00000014   Code   RO         1887    .text.USBD_LL_Suspend  usbd_core.o
    0x08006478   0x08006478   0x00000012   Code   RO         1834    .text.USBD_LL_Transmit  usbd_conf.o
    0x0800648a   0x0800648a   0x00000002   PAD
    0x0800648c   0x0800648c   0x00000028   Code   RO         1936    .text.USBD_ParseSetupRequest  usbd_ctlreq.o
    0x080064b4   0x080064b4   0x00000042   Code   RO         1861    .text.USBD_RegisterClass  usbd_core.o
    0x080064f6   0x080064f6   0x00000002   PAD
    0x080064f8   0x080064f8   0x00000048   Code   RO         1918    .text.USBD_SetAddress  usbd_ctlreq.o
    0x08006540   0x08006540   0x00000010   Code   RO         1869    .text.USBD_SetClassConfig  usbd_core.o
    0x08006550   0x08006550   0x000000b4   Code   RO         1920    .text.USBD_SetConfig  usbd_ctlreq.o
    0x08006604   0x08006604   0x00000022   Code   RO         1926    .text.USBD_SetFeature  usbd_ctlreq.o
    0x08006626   0x08006626   0x00000002   PAD
    0x08006628   0x08006628   0x00000004   Code   RO         1863    .text.USBD_Start    usbd_core.o
    0x0800662c   0x0800662c   0x0000007a   Code   RO         1914    .text.USBD_StdDevReq  usbd_ctlreq.o
    0x080066a6   0x080066a6   0x00000002   PAD
    0x080066a8   0x080066a8   0x00000188   Code   RO         1934    .text.USBD_StdEPReq  usbd_ctlreq.o
    0x08006830   0x08006830   0x00000078   Code   RO         1932    .text.USBD_StdItfReq  usbd_ctlreq.o
    0x080068a8   0x080068a8   0x00000002   Code   RO         1842    .text.USBD_static_free  usbd_conf.o
    0x080068aa   0x080068aa   0x00000002   PAD
    0x080068ac   0x080068ac   0x0000000a   Code   RO         1840    .text.USBD_static_malloc  usbd_conf.o
    0x080068b6   0x080068b6   0x00000002   PAD
    0x080068b8   0x080068b8   0x0000007c   Code   RO          440    .text.USB_ActivateEndpoint  stm32f4xx_ll_usb.o
    0x08006934   0x08006934   0x0000001e   Code   RO          482    .text.USB_ActivateSetup  stm32f4xx_ll_usb.o
    0x08006952   0x08006952   0x00000002   PAD
    0x08006954   0x08006954   0x00000074   Code   RO          416    .text.USB_CoreInit  stm32f4xx_ll_usb.o
    0x080069c8   0x080069c8   0x00000048   Code   RO          418    .text.USB_CoreReset  stm32f4xx_ll_usb.o
    0x08006a10   0x08006a10   0x00000090   Code   RO          444    .text.USB_DeactivateEndpoint  stm32f4xx_ll_usb.o
    0x08006aa0   0x08006aa0   0x0000001c   Code   RO          466    .text.USB_DevConnect  stm32f4xx_ll_usb.o
    0x08006abc   0x08006abc   0x0000001c   Code   RO          468    .text.USB_DevDisconnect  stm32f4xx_ll_usb.o
    0x08006ad8   0x08006ad8   0x00000188   Code   RO          430    .text.USB_DevInit   stm32f4xx_ll_usb.o
    0x08006c60   0x08006c60   0x0000000c   Code   RO          424    .text.USB_DisableGlobalInt  stm32f4xx_ll_usb.o
    0x08006c6c   0x08006c6c   0x000000e8   Code   RO          452    .text.USB_EP0StartXfer  stm32f4xx_ll_usb.o
    0x08006d54   0x08006d54   0x00000058   Code   RO          484    .text.USB_EP0_OutStart  stm32f4xx_ll_usb.o
    0x08006dac   0x08006dac   0x00000030   Code   RO          460    .text.USB_EPClearStall  stm32f4xx_ll_usb.o
    0x08006ddc   0x08006ddc   0x00000038   Code   RO          458    .text.USB_EPSetStall  stm32f4xx_ll_usb.o
    0x08006e14   0x08006e14   0x00000160   Code   RO          448    .text.USB_EPStartXfer  stm32f4xx_ll_usb.o
    0x08006f74   0x08006f74   0x00000084   Code   RO          454    .text.USB_EPStopXfer  stm32f4xx_ll_usb.o
    0x08006ff8   0x08006ff8   0x0000000c   Code   RO          422    .text.USB_EnableGlobalInt  stm32f4xx_ll_usb.o
    0x08007004   0x08007004   0x00000040   Code   RO          436    .text.USB_FlushRxFifo  stm32f4xx_ll_usb.o
    0x08007044   0x08007044   0x00000048   Code   RO          434    .text.USB_FlushTxFifo  stm32f4xx_ll_usb.o
    0x0800708c   0x0800708c   0x0000001c   Code   RO          438    .text.USB_GetDevSpeed  stm32f4xx_ll_usb.o
    0x080070a8   0x080070a8   0x00000008   Code   RO          428    .text.USB_GetMode   stm32f4xx_ll_usb.o
    0x080070b0   0x080070b0   0x0000000e   Code   RO          474    .text.USB_ReadDevAllInEpInterrupt  stm32f4xx_ll_usb.o
    0x080070be   0x080070be   0x0000000e   Code   RO          472    .text.USB_ReadDevAllOutEpInterrupt  stm32f4xx_ll_usb.o
    0x080070cc   0x080070cc   0x00000024   Code   RO          478    .text.USB_ReadDevInEPInterrupt  stm32f4xx_ll_usb.o
    0x080070f0   0x080070f0   0x00000010   Code   RO          476    .text.USB_ReadDevOutEPInterrupt  stm32f4xx_ll_usb.o
    0x08007100   0x08007100   0x00000008   Code   RO          470    .text.USB_ReadInterrupts  stm32f4xx_ll_usb.o
    0x08007108   0x08007108   0x00000036   Code   RO          456    .text.USB_ReadPacket  stm32f4xx_ll_usb.o
    0x0800713e   0x0800713e   0x00000060   Code   RO          426    .text.USB_SetCurrentMode  stm32f4xx_ll_usb.o
    0x0800719e   0x0800719e   0x00000020   Code   RO          464    .text.USB_SetDevAddress  stm32f4xx_ll_usb.o
    0x080071be   0x080071be   0x00000002   PAD
    0x080071c0   0x080071c0   0x000000f0   Code   RO          420    .text.USB_SetTurnaroundTime  stm32f4xx_ll_usb.o
    0x080072b0   0x080072b0   0x00000020   Code   RO          450    .text.USB_WritePacket  stm32f4xx_ll_usb.o
    0x080072d0   0x080072d0   0x00000002   Code   RO          202    .text.UsageFault_Handler  stm32f4xx_it.o
    0x080072d2   0x080072d2   0x00000002   PAD
    0x080072d4   0x080072d4   0x00000024   Code   RO          794    .text.__NVIC_SetPriority  stm32f4xx_hal_cortex.o
    0x080072f8   0x080072f8   0x000000d4   Code   RO          243    .text.board_config  motor_1.o
    0x080073cc   0x080073cc   0x0000008c   Code   RO           24    .text.cos_f32       fast_math.o
    0x08007458   0x08007458   0x0000001c   Code   RO          174    .text.fputc         usart.o
    0x08007474   0x08007474   0x0000005c   Code   RO           50    .text.logInfo       report.o
    0x080074d0   0x080074d0   0x00000050   Code   RO           64    .text.main          main.o
    0x08007520   0x08007520   0x00000030   Code   RO           48    .text.report_state_variable  report.o
    0x08007550   0x08007550   0x0000008c   Code   RO           22    .text.sin_f32       fast_math.o
    0x080075dc   0x080075dc   0x00000040   Code   RO           46    .text.upload_control_parameter  report.o
    0x0800761c   0x0800761c   0x00000020   Code   RO         2270    i.__0printf         mc_w.l(printfa.o)
    0x0800763c   0x0800763c   0x00000104   Code   RO         2018    i.__hardfp_fmod     m_wm.l(fmod.o)
    0x08007740   0x08007740   0x00000020   Code   RO         2319    i.__mathlib_dbl_invalid  m_wm.l(dunder.o)
    0x08007760   0x08007760   0x0000000e   Code   RO         2375    i.__scatterload_copy  mc_w.l(handlers.o)
    0x0800776e   0x0800776e   0x00000002   Code   RO         2376    i.__scatterload_null  mc_w.l(handlers.o)
    0x08007770   0x08007770   0x0000000e   Code   RO         2377    i.__scatterload_zeroinit  mc_w.l(handlers.o)
    0x0800777e   0x0800777e   0x00000002   PAD
    0x08007780   0x08007780   0x0000000c   Code   RO         2355    i.__set_errno       mc_w.l(errno.o)
    0x0800778c   0x0800778c   0x00000184   Code   RO         2277    i._fp_digits        mc_w.l(printfa.o)
    0x08007910   0x08007910   0x000006dc   Code   RO         2278    i._printf_core      mc_w.l(printfa.o)
    0x08007fec   0x08007fec   0x00000024   Code   RO         2279    i._printf_post_padding  mc_w.l(printfa.o)
    0x08008010   0x08008010   0x0000002e   Code   RO         2280    i._printf_pre_padding  mc_w.l(printfa.o)
    0x0800803e   0x0800803e   0x00000010   Data   RO         1697    .rodata.AHBPrescTable  system_stm32f4xx.o
    0x0800804e   0x0800804e   0x00000008   Data   RO         1698    .rodata.APBPrescTable  system_stm32f4xx.o
    0x08008056   0x08008056   0x00000002   PAD
    0x08008058   0x08008058   0x00000804   Data   RO           26    .rodata.sinTable_f32  fast_math.o
    0x0800885c   0x0800885c   0x00000020   Data   RO         2374    Region$$Table       anon$$obj.o


    Execution Region RW_IRAM1 (Exec base: 0x20000000, Load base: 0x08008880, Size: 0x000042d0, Max: 0x0001c000, ABSOLUTE)

    Exec Addr    Load Addr    Size         Type   Attr      Idx    E Section Name        Object

    0x20000000   0x08008880   0x00000004   Data   RW         2344    .data               mc_w.l(stdout.o)
    0x20000004   0x08008884   0x00000004   Data   RW         2356    .data               mc_w.l(errno.o)
    0x20000008   0x08008888   0x0000000c   Data   RW          307    .data..L_MergedGlobals  motor_1.o
    0x20000014   0x08008894   0x00000008   Data   RW          894    .data..L_MergedGlobals  stm32f4xx_hal.o
    0x2000001c   0x0800889c   0x0000001c   Data   RW         1736    .data.FS_Desc       usbd_desc.o
    0x20000038   0x080088b8   0x00000004   Data   RW         1696    .data.SystemCoreClock  system_stm32f4xx.o
    0x2000003c   0x080088bc   0x00000038   Data   RW         2007    .data.USBD_CDC      usbd_cdc.o
    0x20000074   0x080088f4   0x00000043   Data   RW         2009    .data.USBD_CDC_CfgDesc  usbd_cdc.o
    0x200000b7   0x08008937   0x00000001   PAD
    0x200000b8   0x08008938   0x0000000a   Data   RW         2008    .data.USBD_CDC_DeviceQualifierDesc  usbd_cdc.o
    0x200000c2   0x08008942   0x00000002   PAD
    0x200000c4   0x08008944   0x00000012   Data   RW         1737    .data.USBD_FS_DeviceDesc  usbd_desc.o
    0x200000d6   0x08008956   0x00000002   PAD
    0x200000d8   0x08008958   0x00000014   Data   RW         1771    .data.USBD_Interface_fops_FS  usbd_cdc_if.o
    0x200000ec   0x0800896c   0x00000004   Data   RW         1738    .data.USBD_LangIDDesc  usbd_desc.o
    0x200000f0   0x08008970   0x0000001a   Data   RW         1739    .data.USBD_StringSerial  usbd_desc.o
    0x2000010a   0x0800898a   0x00000006   PAD
    0x20000110        -       0x00000074   Zero   RW           54    .bss..L_MergedGlobals  report.o
    0x20000184        -       0x00000050   Zero   RW          308    .bss..L_MergedGlobals.1  motor_1.o
    0x200001d4        -       0x00000060   Zero   RW          309    .bss..L_MergedGlobals.2  motor_1.o
    0x20000234        -       0x00000060   Zero   RW          310    .bss..L_MergedGlobals.3  motor_1.o
    0x20000294   0x0800898a   0x00000004   PAD
    0x20000298        -       0x00000040   Zero   RW          300    .bss.Encoder        motor_1.o
    0x200002d8        -       0x00000001   Zero   RW         1944    .bss.USBD_SetConfig.cfgidx  usbd_ctlreq.o
    0x200002d9   0x0800898a   0x00000003   PAD
    0x200002dc        -       0x00000200   Zero   RW         1740    .bss.USBD_StrDesc   usbd_desc.o
    0x200004dc        -       0x00000220   Zero   RW         1847    .bss.USBD_static_malloc.mem  usbd_conf.o
    0x200006fc        -       0x00000800   Zero   RW         1773    .bss.UserRxBufferFS  usbd_cdc_if.o
    0x20000efc        -       0x00000800   Zero   RW         1772    .bss.UserTxBufferFS  usbd_cdc_if.o
    0x200016fc        -       0x0000003c   Zero   RW           52    .bss.control_pm_buffer  report.o
    0x20001738        -       0x00000001   Zero   RW         1768    .bss.ctrlState      usbd_cdc_if.o
    0x20001739   0x0800898a   0x00000003   PAD
    0x2000173c        -       0x00001c00   Zero   RW          297    .bss.error_f        motor_1.o
    0x2000333c        -       0x000002dc   Zero   RW         1710    .bss.hUsbDeviceFS   usb_device.o
    0x20003618        -       0x00000048   Zero   RW           95    .bss.hadc1          adc.o
    0x20003660        -       0x00000028   Zero   RW          112    .bss.hcan1          can.o
    0x20003688        -       0x00000060   Zero   RW           96    .bss.hdma_adc1      adc.o
    0x200036e8        -       0x0000050c   Zero   RW         1846    .bss.hpcd_USB_OTG_FS  usbd_conf.o
    0x20003bf4        -       0x00000058   Zero   RW          138    .bss.hspi1          spi.o
    0x20003c4c        -       0x00000048   Zero   RW          162    .bss.htim1          tim.o
    0x20003c94        -       0x00000048   Zero   RW          163    .bss.htim2          tim.o
    0x20003cdc        -       0x00000048   Zero   RW          164    .bss.htim5          tim.o
    0x20003d24        -       0x00000044   Zero   RW          184    .bss.huart1         usart.o
    0x20003d68        -       0x00000008   Zero   RW           53    .bss.information    report.o
    0x20003d70        -       0x00000068   Zero   RW          298    .bss.kf             motor_1.o
    0x20003dd8        -       0x00000001   Zero   RW         1767    .bss.mSystemMode    usbd_cdc_if.o
    0x20003dd9   0x0800898a   0x00000003   PAD
    0x20003ddc        -       0x0000005c   Zero   RW          299    .bss.motor          motor_1.o
    0x20003e38        -       0x00000038   Zero   RW         1769    .bss.pm_buf         usbd_cdc_if.o
    0x20003e70        -       0x00000004   Zero   RW         1770    .bss.stateChange    usbd_cdc_if.o
    0x20003e74        -       0x0000004c   Zero   RW          301    .bss.svpwm          motor_1.o
    0x20003ec0        -       0x0000000c   Zero   RW         1774    .bss.targetPm       usbd_cdc_if.o
    0x20003ecc        -       0x00000004   Zero   RW          893    .bss.uwTick         stm32f4xx_hal.o
    0x20003ed0        -       0x00000400   Zero   RW            1    STACK               startup_stm32f405xx.o


    Execution Region RW_IRAM2 (Exec base: 0x2001c000, Load base: 0x08008990, Size: 0x00000000, Max: 0x00004000, ABSOLUTE)

    **** No section assigned to this execution region ****


==============================================================================

Image component sizes


      Code (inc. data)   RO Data    RW Data    ZI Data      Debug   Object Name

       428         24          0          0        168       7323   adc.o
       144         12          0          0          0       1153   as5047.o
       156         16          0          0         40       4126   can.o
        48          0          0          0          0       3212   dma.o
       280         28       2052          0          0       1674   fast_math.o
       296         16          0          0          0       2248   gpio.o
       256         12          0          0          0       2984   main.o
      3982        424          0         12       7776      17017   motor_1.o
       360         50          0          0        184       2075   report.o
       184         16          0          0         88       4885   spi.o
        36          8        392          0       1024        808   startup_stm32f405xx.o
       176         16          0          8          4       7261   stm32f4xx_hal.o
       866         28          0          0          0      10206   stm32f4xx_hal_adc.o
       516         12          0          0          0       8370   stm32f4xx_hal_adc_ex.o
       240          0          0          0          0      11858   stm32f4xx_hal_can.o
       196         28          0          0          0       9853   stm32f4xx_hal_cortex.o
       864         20          0          0          0       8501   stm32f4xx_hal_dma.o
       454         24          0          0          0       5028   stm32f4xx_hal_gpio.o
        56          4          0          0          0       1424   stm32f4xx_hal_msp.o
      2792          4          0          0          0      14715   stm32f4xx_hal_pcd.o
        74          0          0          0          0       4204   stm32f4xx_hal_pcd_ex.o
      1252         48          0          0          0       7217   stm32f4xx_hal_rcc.o
      1276          8          0          0          0      19797   stm32f4xx_hal_spi.o
      1962        100          0          0          0      40841   stm32f4xx_hal_tim.o
       392          0          0          0          0      17185   stm32f4xx_hal_tim_ex.o
      1534          8          0          0          0      22604   stm32f4xx_hal_uart.o
       102         24          0          0          0       1541   stm32f4xx_it.o
      2580        116          0          0          0      21328   stm32f4xx_ll_usb.o
        16          4         24          4          0       2549   system_stm32f4xx.o
       760         32          0          0        216       9110   tim.o
       204         16          0          0         68       7205   usart.o
       114          0          0          0        732       3070   usb_device.o
      1284         12          0        133          0      10975   usbd_cdc.o
       418         14          0         20       4170       4400   usbd_cdc_if.o
       672          0          0          0       1836      14768   usbd_conf.o
       920          0          0          0          0       9069   usbd_core.o
      1482         24          0          0          1       8663   usbd_ctlreq.o
       324         72          0         76        512       3172   usbd_desc.o
       128          0          0          0          0       4381   usbd_ioreq.o

    ----------------------------------------------------------------------
     27948       1220       2502        260      16836     336800   Object Totals
         0          0         32          0          0          0   (incl. Generated)
       124          0          2          7         17          0   (incl. Padding)

    ----------------------------------------------------------------------

      Code (inc. data)   RO Data    RW Data    ZI Data      Debug   Library Member Name

        32          8          0          0          0        124   dunder.o
       260          6          0          0          0        144   fmod.o
         0          0          0          0          0          0   entry.o
         0          0          0          0          0          0   entry10a.o
         0          0          0          0          0          0   entry11a.o
         8          4          0          0          0          0   entry2.o
         4          0          0          0          0          0   entry5.o
         0          0          0          0          0          0   entry7b.o
         0          0          0          0          0          0   entry8b.o
         8          4          0          0          0          0   entry9a.o
        12          6          0          4          0         68   errno.o
        30          0          0          0          0          0   handlers.o
        36          8          0          0          0         68   init.o
         0          0          0          0          0          0   iusefp.o
        30          0          0          0          0         68   llshl.o
        36          0          0          0          0         68   llsshr.o
        32          0          0          0          0         68   llushr.o
        36          0          0          0          0        108   memseta.o
      2258         90          0          0          0        452   printfa.o
         0          0          0          4          0          0   stdout.o
        44          0          0          0          0         80   uidiv.o
        98          0          0          0          0         92   uldiv.o
        48          0          0          0          0         68   cdrcmple.o
        56          0          0          0          0         88   d2f.o
       334          0          0          0          0        148   dadd.o
        54          0          0          0          0         80   dcmple.o
       222          0          0          0          0        100   ddiv.o
       186          0          0          0          0        176   depilogue.o
        48          0          0          0          0         68   dfixul.o
        34          0          0          0          0         76   dflti.o
        26          0          0          0          0         76   dfltui.o
       228          0          0          0          0         96   dmul.o
       134          0          0          0          0         96   drem.o
        38          0          0          0          0         68   f2d.o
       110          0          0          0          0        168   fepilogue.o
        44          0          0          0          0         92   ffltl.o

    ----------------------------------------------------------------------
      4490        126          0          8          0       2740   Library Totals
         4          0          0          0          0          0   (incl. Padding)

    ----------------------------------------------------------------------

      Code (inc. data)   RO Data    RW Data    ZI Data      Debug   Library Name

       292         14          0          0          0        268   m_wm.l
      2632        112          0          8          0       1072   mc_w.l
      1562          0          0          0          0       1400   mf_w.l

    ----------------------------------------------------------------------
      4490        126          0          8          0       2740   Library Totals

    ----------------------------------------------------------------------

==============================================================================


      Code (inc. data)   RO Data    RW Data    ZI Data      Debug   

     32438       1346       2502        268      16836     337804   Grand Totals
     32438       1346       2502        268      16836     337804   ELF Image Totals
     32438       1346       2502        268          0          0   ROM Totals

==============================================================================

    Total RO  Size (Code + RO Data)                34940 (  34.12kB)
    Total RW  Size (RW Data + ZI Data)             17104 (  16.70kB)
    Total ROM Size (Code + RO Data + RW Data)      35208 (  34.38kB)

==============================================================================

